Component: ARM Compiler 5.06 update 6 (build 750) Tool: armlink [4d35ed]

==============================================================================

Section Cross References

    hal.o(i.HalInit) refers to system_stm32f4xx.o(i.SystemInit) for SystemInit
    hal.o(i.HalInit) refers to hal.o(i.halClkInit) for halClkInit
    hal.o(i.HalInit) refers to halgpio.o(i.HalGPIOInitialize) for HalGPIOInitialize
    hal.o(i.HalInit) refers to haluart.o(i.HalUartInitialize) for HalUartInitialize
    hal.o(i.HalInit) refers to haltimer.o(i.HalTimerInitialize) for HalTimerInitialize
    hal.o(i.HalInit) refers to hal.o(i.logPrintInit) for logPrintInit
    hal.o(i.HalReboot) refers to printf8.o(i.__0printf$8) for __2printf
    hal.o(i.HalTimerCount) refers to hal.o(.data) for g_timerCount
    hal.o(i.HalTimerPast1ms) refers to hal.o(.data) for g_timerCount
    hal.o(i.fputc) refers to haluart.o(i.HalUartWrite) for HalUartWrite
    hal.o(i.halClkInit) refers to stm32f4xx_rcc.o(i.RCC_AHB1PeriphClockCmd) for RCC_AHB1PeriphClockCmd
    hal.o(i.halClkInit) refers to stm32f4xx_rcc.o(i.RCC_APB2PeriphClockCmd) for RCC_APB2PeriphClockCmd
    hal.o(i.halClkInit) refers to stm32f4xx_rcc.o(i.RCC_APB1PeriphClockCmd) for RCC_APB1PeriphClockCmd
    hal.o(i.logPrintInit) refers to haluart.o(i.HalUartConfig) for HalUartConfig
    halgpio.o(i.HalGPIOConfig) refers to halgpio.o(i.ioToPin) for ioToPin
    halgpio.o(i.HalGPIOConfig) refers to halgpio.o(i.ioToPort) for ioToPort
    halgpio.o(i.HalGPIOConfig) refers to stm32f4xx_gpio.o(i.GPIO_Init) for GPIO_Init
    halgpio.o(i.HalGPIOGetLevel) refers to halgpio.o(i.ioToPin) for ioToPin
    halgpio.o(i.HalGPIOGetLevel) refers to halgpio.o(i.ioToPort) for ioToPort
    halgpio.o(i.HalGPIOGetLevel) refers to stm32f4xx_gpio.o(i.GPIO_ReadInputDataBit) for GPIO_ReadInputDataBit
    halgpio.o(i.HalGPIOSetLevel) refers to halgpio.o(i.ioToPin) for ioToPin
    halgpio.o(i.HalGPIOSetLevel) refers to halgpio.o(i.ioToPort) for ioToPort
    halgpio.o(i.HalGPIOSetLevel) refers to stm32f4xx_gpio.o(i.GPIO_WriteBit) for GPIO_WriteBit
    haltimer.o(i.HalTimerDisable) refers to stm32f4xx_tim.o(i.TIM_ClearITPendingBit) for TIM_ClearITPendingBit
    haltimer.o(i.HalTimerDisable) refers to stm32f4xx_tim.o(i.TIM_ITConfig) for TIM_ITConfig
    haltimer.o(i.HalTimerDisable) refers to stm32f4xx_tim.o(i.TIM_Cmd) for TIM_Cmd
    haltimer.o(i.HalTimerInitialize) refers to stm32f4xx_tim.o(i.TIM_TimeBaseInit) for TIM_TimeBaseInit
    haltimer.o(i.HalTimerInitialize) refers to misc.o(i.NVIC_PriorityGroupConfig) for NVIC_PriorityGroupConfig
    haltimer.o(i.HalTimerInitialize) refers to misc.o(i.NVIC_Init) for NVIC_Init
    haltimer.o(i.HalTimerInitialize) refers to stm32f4xx_tim.o(i.TIM_ClearITPendingBit) for TIM_ClearITPendingBit
    haltimer.o(i.HalTimerInitialize) refers to stm32f4xx_tim.o(i.TIM_ITConfig) for TIM_ITConfig
    haltimer.o(i.HalTimerInitialize) refers to stm32f4xx_tim.o(i.TIM_Cmd) for TIM_Cmd
    haltimer.o(i.TIM1_UP_TIM10_IRQHandler) refers to stm32f4xx_tim.o(i.TIM_GetFlagStatus) for TIM_GetFlagStatus
    haltimer.o(i.TIM1_UP_TIM10_IRQHandler) refers to stm32f4xx_tim.o(i.TIM_ClearITPendingBit) for TIM_ClearITPendingBit
    haltimer.o(i.TIM1_UP_TIM10_IRQHandler) refers to hal.o(i.HalTimerPast1ms) for HalTimerPast1ms
    haluart.o(i.HalUartConfig) refers to stm32f4xx_usart.o(i.USART_StructInit) for USART_StructInit
    haluart.o(i.HalUartConfig) refers to stm32f4xx_usart.o(i.USART_Cmd) for USART_Cmd
    haluart.o(i.HalUartConfig) refers to stm32f4xx_usart.o(i.USART_ITConfig) for USART_ITConfig
    haluart.o(i.HalUartConfig) refers to stm32f4xx_usart.o(i.USART_Init) for USART_Init
    haluart.o(i.HalUartConfig) refers to stm32f4xx_usart.o(i.USART_ClearITPendingBit) for USART_ClearITPendingBit
    haluart.o(i.HalUartConfig) refers to haluart.o(.bss) for g_uartConfig
    haluart.o(i.HalUartInitialize) refers to misc.o(i.NVIC_PriorityGroupConfig) for NVIC_PriorityGroupConfig
    haluart.o(i.HalUartInitialize) refers to misc.o(i.NVIC_Init) for NVIC_Init
    haluart.o(i.HalUartInitialize) refers to stm32f4xx_gpio.o(i.GPIO_PinAFConfig) for GPIO_PinAFConfig
    haluart.o(i.HalUartInitialize) refers to stm32f4xx_gpio.o(i.GPIO_Init) for GPIO_Init
    haluart.o(i.HalUartWrite) refers to stm32f4xx_usart.o(i.USART_SendData) for USART_SendData
    haluart.o(i.HalUartWrite) refers to stm32f4xx_usart.o(i.USART_GetFlagStatus) for USART_GetFlagStatus
    haluart.o(i.USART1_IRQHandler) refers to stm32f4xx_usart.o(i.USART_GetITStatus) for USART_GetITStatus
    haluart.o(i.USART1_IRQHandler) refers to stm32f4xx_usart.o(i.USART_ClearITPendingBit) for USART_ClearITPendingBit
    haluart.o(i.USART1_IRQHandler) refers to stm32f4xx_usart.o(i.USART_ReceiveData) for USART_ReceiveData
    haluart.o(i.USART1_IRQHandler) refers to haluart.o(.bss) for g_uartConfig
    haluart.o(i.USART2_IRQHandler) refers to stm32f4xx_usart.o(i.USART_GetITStatus) for USART_GetITStatus
[...]
    ..\\src\\FWLIB\\src\\stm32f4xx_syscfg.c  0x00000000   Number         0  stm32f4xx_syscfg.o ABSOLUTE
    ..\\src\\FWLIB\\src\\stm32f4xx_tim.c     0x00000000   Number         0  stm32f4xx_tim.o ABSOLUTE
    ..\\src\\FWLIB\\src\\stm32f4xx_usart.c   0x00000000   Number         0  stm32f4xx_usart.o ABSOLUTE
    ..\\src\\Hal\\Hal.c                      0x00000000   Number         0  hal.o ABSOLUTE
    ..\\src\\Hal\\HalGPIO.c                  0x00000000   Number         0  halgpio.o ABSOLUTE
    ..\\src\\Hal\\HalTimer.c                 0x00000000   Number         0  haltimer.o ABSOLUTE
    ..\\src\\Hal\\HalUart.c                  0x00000000   Number         0  haluart.o ABSOLUTE
    ..\\src\\Hal\\HalWait.c                  0x00000000   Number         0  halwait.o ABSOLUTE
    ..\\src\\Hal\\stm32f4xx_it.c             0x00000000   Number         0  stm32f4xx_it.o ABSOLUTE
    ..\\src\\Hal\\system_stm32f4xx.c         0x00000000   Number         0  system_stm32f4xx.o ABSOLUTE
    ..\\src\\M8266WIFI\\M8266HostIf_STM32xx.c 0x00000000   Number         0  m8266hostif_stm32xx.o ABSOLUTE
    ..\\src\\M8266WIFI\\M8266WIFI_ops.c      0x00000000   Number         0  m8266wifi_ops.o ABSOLUTE
    ..\\src\\System\\Sys\\SysTimer.c         0x00000000   Number         0  systimer.o ABSOLUTE
    ..\\src\\System\\Sys\\System.c           0x00000000   Number         0  system.o ABSOLUTE
    ..\\src\\User\\Demo.c                    0x00000000   Number         0  demo.o ABSOLUTE
    ..\\src\\User\\MSocket.c                 0x00000000   Number         0  msocket.o ABSOLUTE
    ..\\src\\User\\PS2.c                     0x00000000   Number         0  ps2.o ABSOLUTE
    ..\\src\\User\\Wifi.c                    0x00000000   Number         0  wifi.o ABSOLUTE
    ..\\src\\User\\main.c                    0x00000000   Number         0  main.o ABSOLUTE
    ..\src\CORE\startup_stm32f40_41xxx.s     0x00000000   Number         0  startup_stm32f40_41xxx.o ABSOLUTE
    ..\src\FWLIB\src\misc.c                  0x00000000   Number         0  misc.o ABSOLUTE
    ..\src\FWLIB\src\stm32f4xx_exti.c        0x00000000   Number         0  stm32f4xx_exti.o ABSOLUTE
    ..\src\FWLIB\src\stm32f4xx_fsmc.c        0x00000000   Number         0  stm32f4xx_fsmc.o ABSOLUTE
    ..\src\FWLIB\src\stm32f4xx_gpio.c        0x00000000   Number         0  stm32f4xx_gpio.o ABSOLUTE
    ..\src\FWLIB\src\stm32f4xx_rcc.c         0x00000000   Number         0  stm32f4xx_rcc.o ABSOLUTE
    ..\src\FWLIB\src\stm32f4xx_spi.c         0x00000000   Number         0  stm32f4xx_spi.o ABSOLUTE
    ..\src\FWLIB\src\stm32f4xx_syscfg.c      0x00000000   Number         0  stm32f4xx_syscfg.o ABSOLUTE
    ..\src\FWLIB\src\stm32f4xx_tim.c         0x00000000   Number         0  stm32f4xx_tim.o ABSOLUTE
    ..\src\FWLIB\src\stm32f4xx_usart.c       0x00000000   Number         0  stm32f4xx_usart.o ABSOLUTE
    ..\src\Hal\Hal.c                         0x00000000   Number         0  hal.o ABSOLUTE
    ..\src\Hal\HalGPIO.c                     0x00000000   Number         0  halgpio.o ABSOLUTE
    ..\src\Hal\HalTimer.c                    0x00000000   Number         0  haltimer.o ABSOLUTE
    ..\src\Hal\HalUart.c                     0x00000000   Number         0  haluart.o ABSOLUTE
    ..\src\Hal\HalWait.c                     0x00000000   Number         0  halwait.o ABSOLUTE
    ..\src\Hal\stm32f4xx_it.c                0x00000000   Number         0  stm32f4xx_it.o ABSOLUTE
    ..\src\Hal\system_stm32f4xx.c            0x00000000   Number         0  system_stm32f4xx.o ABSOLUTE
    ..\src\M8266WIFI\M8266HostIf_STM32xx.c   0x00000000   Number         0  m8266hostif_stm32xx.o ABSOLUTE
    ..\src\M8266WIFI\M8266WIFI_ops.c         0x00000000   Number         0  m8266wifi_ops.o ABSOLUTE
    ..\src\System\Sys\SysTimer.c             0x00000000   Number         0  systimer.o ABSOLUTE
    ..\src\System\Sys\System.c               0x00000000   Number         0  system.o ABSOLUTE
    ..\src\User\Demo.c                       0x00000000   Number         0  demo.o ABSOLUTE
    ..\src\User\MSocket.c                    0x00000000   Number         0  msocket.o ABSOLUTE
    ..\src\User\PS2.c                        0x00000000   Number         0  ps2.o ABSOLUTE
    ..\src\User\Wifi.c                       0x00000000   Number         0  wifi.o ABSOLUTE
    ..\src\User\main.c                       0x00000000   Number         0  main.o ABSOLUTE
    cdrcmple.s                               0x00000000   Number         0  cdrcmple.o ABSOLUTE
    dc.s                                     0x00000000   Number         0  dc.o ABSOLUTE
    handlers.s                               0x00000000   Number         0  handlers.o ABSOLUTE
    init.s                                   0x00000000   Number         0  init.o ABSOLUTE
    RESET                                    0x08000000   Section      392  startup_stm32f40_41xxx.o(RESET)
    .ARM.Collect$$$$00000000                 0x08000188   Section        0  entry.o(.ARM.Collect$$$$00000000)
    .ARM.Collect$$$$00000001                 0x08000188   Section        4  entry2.o(.ARM.Collect$$$$00000001)
    .ARM.Collect$$$$00000004                 0x0800018c   Section        4  entry5.o(.ARM.Collect$$$$00000004)
    .ARM.Collect$$$$00000008                 0x08000190   Section        0  entry7b.o(.ARM.Collect$$$$00000008)
    .ARM.Collect$$$$0000000A                 0x08000190   Section        0  entry8b.o(.ARM.Collect$$$$0000000A)
    .ARM.Collect$$$$0000000B                 0x08000190   Section        8  entry9a.o(.ARM.Collect$$$$0000000B)
    .ARM.Collect$$$$0000000D                 0x08000198   Section        0  entry10a.o(.ARM.Collect$$$$0000000D)
    .ARM.Collect$$$$0000000F                 0x08000198   Section        0  entry11a.o(.ARM.Collect$$$$0000000F)
    .ARM.Collect$$$$00002712                 0x08000198   Section        4  entry2.o(.ARM.Collect$$$$00002712)
    __lit__00000000                          0x08000198   Data           4  entry2.o(.ARM.Collect$$$$00002712)
    .text                                    0x0800019c   Section       36  startup_stm32f40_41xxx.o(.text)
    $v0                                      0x0800019c   Number         0  startup_stm32f40_41xxx.o(.text)
    .text                                    0x080001c0   Section        0  memseta.o(.text)
    .text                                    0x080001e4   Section        0  strlen.o(.text)
    .text                                    0x080001f2   Section        0  uldiv.o(.text)
    .text                                    0x08000254   Section       36  init.o(.text)
    .text                                    0x08000278   Section        0  llshl.o(.text)
    .text                                    0x08000296   Section        0  llushr.o(.text)
    i.BusFault_Handler                       0x080002b6   Section        0  stm32f4xx_it.o(i.BusFault_Handler)
    i.DebugMon_Handler                       0x080002ba   Section        0  stm32f4xx_it.o(i.DebugMon_Handler)
    i.DemoInit                               0x080002bc   Section        0  demo.o(i.DemoInit)
    i.DemoPoll                               0x080002dc   Section        0  demo.o(i.DemoPoll)
    i.EXTI15_10_IRQHandler                   0x080002e8   Section        0  ps2.o(i.EXTI15_10_IRQHandler)
    i.EXTI_ClearITPendingBit                 0x08000308   Section        0  stm32f4xx_exti.o(i.EXTI_ClearITPendingBit)
    i.EXTI_Init                              0x08000314   Section        0  stm32f4xx_exti.o(i.EXTI_Init)
    i.GPIO_Init                              0x080003a8   Section        0  stm32f4xx_gpio.o(i.GPIO_Init)
    i.GPIO_PinAFConfig                       0x08000438   Section        0  stm32f4xx_gpio.o(i.GPIO_PinAFConfig)
    i.GPIO_ReadInputDataBit                  0x0800047e   Section        0  stm32f4xx_gpio.o(i.GPIO_ReadInputDataBit)
    i.HalGPIOConfig                          0x08000490   Section        0  halgpio.o(i.HalGPIOConfig)
    i.HalGPIOInitialize                      0x080004cc   Section        0  halgpio.o(i.HalGPIOInitialize)
    i.HalInit                                0x080004ce   Section        0  hal.o(i.HalInit)
    i.HalPoll                                0x080004ea   Section        0  hal.o(i.HalPoll)
    i.HalReboot                              0x080004ec   Section        0  hal.o(i.HalReboot)
    i.HalTimerCount                          0x08000534   Section        0  hal.o(i.HalTimerCount)
    i.HalTimerInitialize                     0x08000540   Section        0  haltimer.o(i.HalTimerInitialize)
    i.HalTimerPast1ms                        0x080005ac   Section        0  hal.o(i.HalTimerPast1ms)
    i.HalUartConfig                          0x080005bc   Section        0  haluart.o(i.HalUartConfig)
    i.HalUartInitialize                      0x08000654   Section        0  haluart.o(i.HalUartInitialize)
    i.HalUartWrite                           0x0800074c   Section        0  haluart.o(i.HalUartWrite)
    i.HalWaitUs                              0x08000790   Section        0  halwait.o(i.HalWaitUs)
    i.HardFault_Handler                      0x080007e4   Section        0  stm32f4xx_it.o(i.HardFault_Handler)
    i.M8266HostIf_GPIO_CS_RESET_Init         0x080007e8   Section        0  m8266hostif_stm32xx.o(i.M8266HostIf_GPIO_CS_RESET_Init)
    i.M8266HostIf_Init                       0x08000858   Section        0  m8266hostif_stm32xx.o(i.M8266HostIf_Init)
    i.M8266HostIf_SPI_DMA_StartReceiveSendData 0x0800086c   Section        0  m8266wifidrv.o(i.M8266HostIf_SPI_DMA_StartReceiveSendData)
    i.M8266HostIf_SPI_Init                   0x080008d0   Section        0  m8266hostif_stm32xx.o(i.M8266HostIf_SPI_Init)
    i.M8266HostIf_SPI_Select                 0x0800098c   Section        0  m8266wifidrv.o(i.M8266HostIf_SPI_Select)
    i.M8266HostIf_SPI_SetSpeed               0x08000a7c   Section        0  m8266hostif_stm32xx.o(i.M8266HostIf_SPI_SetSpeed)
    i.M8266HostIf_SPI_rrs                    0x08000aa4   Section        0  m8266wifidrv.o(i.M8266HostIf_SPI_rrs)
    i.M8266HostIf_SPI_wrs                    0x08000ac4   Section        0  m8266wifidrv.o(i.M8266HostIf_SPI_wrs)
    i.M8266HostIf_Set_SPI_nCS_Pin            0x08000af4   Section        0  m8266hostif_stm32xx.o(i.M8266HostIf_Set_SPI_nCS_Pin)
    i.M8266HostIf_Set_nRESET_Pin             0x08000b0c   Section        0  m8266hostif_stm32xx.o(i.M8266HostIf_Set_nRESET_Pin)
    i.M8266HostIf_delay_us                   0x08000b28   Section        0  m8266hostif_stm32xx.o(i.M8266HostIf_delay_us)
    i.M8266WIFI_Module_Hardware_Reset        0x08000b34   Section        0  m8266wifi_ops.o(i.M8266WIFI_Module_Hardware_Reset)
    i.M8266WIFI_Module_Init_Via_SPI          0x08000b6c   Section        0  m8266wifi_ops.o(i.M8266WIFI_Module_Init_Via_SPI)
    i.M8266WIFI_Module_delay_ms              0x08000bb4   Section        0  m8266wifi_ops.o(i.M8266WIFI_Module_delay_ms)
    i.M8266WIFI_SPI_Config_STA_Param         0x08000bd8   Section        0  m8266wifidrv.o(i.M8266WIFI_SPI_Config_STA_Param)
    i.M8266WIFI_SPI_Delete_Connection        0x08000bee   Section        0  m8266wifidrv.o(i.M8266WIFI_SPI_Delete_Connection)
    i.M8266WIFI_SPI_Get_Module_Info          0x08000c00   Section        0  m8266wifidrv.o(i.M8266WIFI_SPI_Get_Module_Info)
    i.M8266WIFI_SPI_Get_STA_Connection_Status 0x08000caa   Section        0  m8266wifidrv.o(i.M8266WIFI_SPI_Get_STA_Connection_Status)
    i.M8266WIFI_SPI_Get_STA_IP_Addr          0x08000d16   Section        0  m8266wifidrv.o(i.M8266WIFI_SPI_Get_STA_IP_Addr)
    i.M8266WIFI_SPI_Has_DataReceived         0x08000d92   Section        0  m8266wifidrv.o(i.M8266WIFI_SPI_Has_DataReceived)
    i.M8266WIFI_SPI_Interface_Communication_OK 0x08000da8   Section        0  m8266wifidrv.o(i.M8266WIFI_SPI_Interface_Communication_OK)
    i.M8266WIFI_SPI_Query_Connection         0x08000df0   Section        0  m8266wifidrv.o(i.M8266WIFI_SPI_Query_Connection)
    i.M8266WIFI_SPI_Recv                     0x08000ed8   Section        0  m8266wifidrv.o(i.M8266WIFI_SPI_Recv)
    i.M8266WIFI_SPI_RecvData_ex              0x080010f0   Section        0  m8266wifidrv.o(i.M8266WIFI_SPI_RecvData_ex)
    i.M8266WIFI_SPI_STA_Connect_Ap           0x0800110c   Section        0  m8266wifidrv.o(i.M8266WIFI_SPI_STA_Connect_Ap)
    i.M8266WIFI_SPI_STA_Connect_Ap_Old       0x080012cc   Section        0  m8266wifidrv.o(i.M8266WIFI_SPI_STA_Connect_Ap_Old)
    i.M8266WIFI_SPI_Send_Data                0x0800144e   Section        0  m8266wifidrv.o(i.M8266WIFI_SPI_Send_Data)
    i.M8266WIFI_SPI_Send_Udp_Data            0x08001460   Section        0  m8266wifidrv.o(i.M8266WIFI_SPI_Send_Udp_Data)
    i.M8266WIFI_SPI_Set_Opmode               0x0800149c   Section        0  m8266wifidrv.o(i.M8266WIFI_SPI_Set_Opmode)
    i.M8266WIFI_SPI_Set_TcpServer_Auto_Discon_Timeout 0x0800152a   Section        0  m8266wifidrv.o(i.M8266WIFI_SPI_Set_TcpServer_Auto_Discon_Timeout)
    i.M8266WIFI_SPI_Setup_Connection         0x080015b8   Section        0  m8266wifidrv.o(i.M8266WIFI_SPI_Setup_Connection)
    i.M8266WIFI_SPI_Slave_Has_Response       0x080017cc   Section        0  m8266wifidrv.o(i.M8266WIFI_SPI_Slave_Has_Response)
    i.M8266WIFI_SPI_Status_Start_To_Rxd_Has_Been_Cleared 0x080017e2   Section        0  m8266wifidrv.o(i.M8266WIFI_SPI_Status_Start_To_Rxd_Has_Been_Cleared)
    i.M8266WIFI_SPI_TxdBuffer_Free           0x080017f8   Section        0  m8266wifidrv.o(i.M8266WIFI_SPI_TxdBuffer_Free)
    i.M8266WIFI_SPI_capstp                   0x08001810   Section        0  m8266wifidrv.o(i.M8266WIFI_SPI_capstp)
    i.M8266WIFI_SPI_csb                      0x080018f8   Section        0  m8266wifidrv.o(i.M8266WIFI_SPI_csb)
    i.M8266WIFI_SPI_dlodc                    0x08001950   Section        0  m8266wifidrv.o(i.M8266WIFI_SPI_dlodc)
    i.M8266WIFI_SPI_qacal                    0x08001ab8   Section        0  m8266wifidrv.o(i.M8266WIFI_SPI_qacal)
    i.M8266WIFI_SPI_rra                      0x08001ba6   Section        0  m8266wifidrv.o(i.M8266WIFI_SPI_rra)
    i.M8266WIFI_SPI_rru                      0x08001bc6   Section        0  m8266wifidrv.o(i.M8266WIFI_SPI_rru)
    i.M8266WIFI_SPI_rrud                     0x08001c08   Section        0  m8266wifidrv.o(i.M8266WIFI_SPI_rrud)
    i.M8266WIFI_SPI_sbis                     0x08001c50   Section        0  m8266wifidrv.o(i.M8266WIFI_SPI_sbis)
    i.M8266WIFI_SPI_sdfal                    0x08001c6c   Section        0  m8266wifidrv.o(i.M8266WIFI_SPI_sdfal)
    i.M8266WIFI_SPI_srh                      0x08001ea8   Section        0  m8266wifidrv.o(i.M8266WIFI_SPI_srh)
    i.M8266WIFI_SPI_ssa                      0x08001fcc   Section        0  m8266wifidrv.o(i.M8266WIFI_SPI_ssa)
    i.M8266WIFI_SPI_ssb                      0x08001fec   Section        0  m8266wifidrv.o(i.M8266WIFI_SPI_ssb)
    i.M8266WIFI_SPI_ssmd                     0x08002060   Section        0  m8266wifidrv.o(i.M8266WIFI_SPI_ssmd)
    i.M8266WIFI_SPI_ssu                      0x08002100   Section        0  m8266wifidrv.o(i.M8266WIFI_SPI_ssu)
    i.M8266WIFI_SPI_ssud                     0x0800214c   Section        0  m8266wifidrv.o(i.M8266WIFI_SPI_ssud)
    i.M8266WIFI_SPI_ssut                     0x08002194   Section        0  m8266wifidrv.o(i.M8266WIFI_SPI_ssut)
    i.M8266WIFI_SPI_tufs                     0x080021e0   Section        0  m8266wifidrv.o(i.M8266WIFI_SPI_tufs)
    i.M8266WIFI_SPI_wsbsbs1                  0x080021f6   Section        0  m8266wifidrv.o(i.M8266WIFI_SPI_wsbsbs1)
    i.M8266WIFI_SPI_wscbf                    0x08002230   Section        0  m8266wifidrv.o(i.M8266WIFI_SPI_wscbf)
    i.M8266WIFI_SPI_wscr                     0x08002272   Section        0  m8266wifidrv.o(i.M8266WIFI_SPI_wscr)
    i.M8266WIFI_SPI_wspsr                    0x080022be   Section        0  m8266wifidrv.o(i.M8266WIFI_SPI_wspsr)
    i.M8266WIFI_SPI_wspss                    0x08002312   Section        0  m8266wifidrv.o(i.M8266WIFI_SPI_wspss)
    i.M8266WIFI_SPI_wsscbhud                 0x08002366   Section        0  m8266wifidrv.o(i.M8266WIFI_SPI_wsscbhud)
    i.M8266WIFI_SPI_wsscrhd                  0x080023a4   Section        0  m8266wifidrv.o(i.M8266WIFI_SPI_wsscrhd)
    i.M8266WIFI_Wait_SPI_sfad                0x080023e8   Section        0  m8266wifidrv.o(i.M8266WIFI_Wait_SPI_sfad)
    i.MSocketCreate                          0x08002428   Section        0  msocket.o(i.MSocketCreate)
    i.MSocketDataSend                        0x080024a0   Section        0  msocket.o(i.MSocketDataSend)
    i.MSocketInit                            0x080024d8   Section        0  msocket.o(i.MSocketInit)
    i.MSocketPoll                            0x080024ec   Section        0  msocket.o(i.MSocketPoll)
    i.MSocketRelease                         0x080024f4   Section        0  msocket.o(i.MSocketRelease)
    i.MSocketUdpDataSend                     0x08002508   Section        0  msocket.o(i.MSocketUdpDataSend)
    i.MemManage_Handler                      0x0800254e   Section        0  stm32f4xx_it.o(i.MemManage_Handler)
    i.NMI_Handler                            0x08002552   Section        0  stm32f4xx_it.o(i.NMI_Handler)
    i.NVIC_Init                              0x08002554   Section        0  misc.o(i.NVIC_Init)
    i.NVIC_PriorityGroupConfig               0x080025cc   Section        0  misc.o(i.NVIC_PriorityGroupConfig)
    i.PS2Init                                0x080025e0   Section        0  ps2.o(i.PS2Init)
    i.PS2Poll                                0x080025fa   Section        0  ps2.o(i.PS2Poll)
    i.PendSV_Handler                         0x08002602   Section        0  stm32f4xx_it.o(i.PendSV_Handler)
    i.RCC_AHB1PeriphClockCmd                 0x08002604   Section        0  stm32f4xx_rcc.o(i.RCC_AHB1PeriphClockCmd)
    i.RCC_APB1PeriphClockCmd                 0x08002624   Section        0  stm32f4xx_rcc.o(i.RCC_APB1PeriphClockCmd)
    i.RCC_APB2PeriphClockCmd                 0x08002644   Section        0  stm32f4xx_rcc.o(i.RCC_APB2PeriphClockCmd)
    i.RCC_APB2PeriphResetCmd                 0x08002664   Section        0  stm32f4xx_rcc.o(i.RCC_APB2PeriphResetCmd)
    i.RCC_GetClocksFreq                      0x08002684   Section        0  stm32f4xx_rcc.o(i.RCC_GetClocksFreq)
    i.SPI_Cmd                                0x0800276c   Section        0  stm32f4xx_spi.o(i.SPI_Cmd)
    i.SPI_Init                               0x08002784   Section        0  stm32f4xx_spi.o(i.SPI_Init)
    i.SPI_STA_Get_HostIP_by_HostName         0x080027c0   Section        0  m8266wifidrv.o(i.SPI_STA_Get_HostIP_by_HostName)
    i.SVC_Handler                            0x08002944   Section        0  stm32f4xx_it.o(i.SVC_Handler)
    i.SYSCFG_EXTILineConfig                  0x08002948   Section        0  stm32f4xx_syscfg.o(i.SYSCFG_EXTILineConfig)
    i.SetSysClock                            0x08002988   Section        0  system_stm32f4xx.o(i.SetSysClock)
    SetSysClock                              0x08002989   Thumb Code   220  system_stm32f4xx.o(i.SetSysClock)
    i.SysTick_Handler                        0x08002a74   Section        0  stm32f4xx_it.o(i.SysTick_Handler)
    i.SystemInit                             0x08002a78   Section        0  system_stm32f4xx.o(i.SystemInit)
    i.SystemInitialize                       0x08002ae0   Section        0  system.o(i.SystemInitialize)
    i.SystemPoll                             0x08002b40   Section        0  system.o(i.SystemPoll)
    i.TIM1_UP_TIM10_IRQHandler               0x08002b58   Section        0  haltimer.o(i.TIM1_UP_TIM10_IRQHandler)
    i.TIM_ClearFlag                          0x08002b78   Section        0  stm32f4xx_tim.o(i.TIM_ClearFlag)
    i.TIM_ClearITPendingBit                  0x08002b7e   Section        0  stm32f4xx_tim.o(i.TIM_ClearITPendingBit)
    i.TIM_Cmd                                0x08002b84   Section        0  stm32f4xx_tim.o(i.TIM_Cmd)
    i.TIM_GetFlagStatus                      0x08002b9c   Section        0  stm32f4xx_tim.o(i.TIM_GetFlagStatus)
    i.TIM_ITConfig                           0x08002bae   Section        0  stm32f4xx_tim.o(i.TIM_ITConfig)
    i.TIM_TimeBaseInit                       0x08002bc0   Section        0  stm32f4xx_tim.o(i.TIM_TimeBaseInit)
    i.USART1_IRQHandler                      0x08002c44   Section        0  haluart.o(i.USART1_IRQHandler)
    i.USART2_IRQHandler                      0x08002c80   Section        0  haluart.o(i.USART2_IRQHandler)
    i.USART_ClearITPendingBit                0x08002cbc   Section        0  stm32f4xx_usart.o(i.USART_ClearITPendingBit)
    i.USART_Cmd                              0x08002cda   Section        0  stm32f4xx_usart.o(i.USART_Cmd)
    i.USART_GetFlagStatus                    0x08002cf2   Section        0  stm32f4xx_usart.o(i.USART_GetFlagStatus)
    i.USART_GetITStatus                      0x08002d0c   Section        0  stm32f4xx_usart.o(i.USART_GetITStatus)
    i.USART_ITConfig                         0x08002d60   Section        0  stm32f4xx_usart.o(i.USART_ITConfig)
    i.USART_Init                             0x08002dac   Section        0  stm32f4xx_usart.o(i.USART_Init)
    i.USART_ReceiveData                      0x08002e80   Section        0  stm32f4xx_usart.o(i.USART_ReceiveData)
    i.USART_SendData                         0x08002e8a   Section        0  stm32f4xx_usart.o(i.USART_SendData)
    i.USART_StructInit                       0x08002e92   Section        0  stm32f4xx_usart.o(i.USART_StructInit)
    i.UsageFault_Handler                     0x08002eaa   Section        0  stm32f4xx_it.o(i.UsageFault_Handler)
    i.WifiConnectStatus                      0x08002eae   Section        0  wifi.o(i.WifiConnectStatus)
    i.WifiGetIPAddress                       0x08002ec4   Section        0  wifi.o(i.WifiGetIPAddress)
    i.WifiInit                               0x08002edc   Section        0  wifi.o(i.WifiInit)
    i.WifiJoinAp                             0x08002efe   Section        0  wifi.o(i.WifiJoinAp)
    i.WifiPoll                               0x08002f20   Section        0  wifi.o(i.WifiPoll)
    i.__0printf$8                            0x08002f24   Section        0  printf8.o(i.__0printf$8)
    i.__0sprintf$8                           0x08002f44   Section        0  printf8.o(i.__0sprintf$8)
    i.__scatterload_copy                     0x08002f6c   Section       14  handlers.o(i.__scatterload_copy)
    i.__scatterload_null                     0x08002f7a   Section        2  handlers.o(i.__scatterload_null)
    i.__scatterload_zeroinit                 0x08002f7c   Section       14  handlers.o(i.__scatterload_zeroinit)
    i._printf_core                           0x08002f8c   Section        0  printf8.o(i._printf_core)
    _printf_core                             0x08002f8d   Thumb Code   996  printf8.o(i._printf_core)
    i._printf_post_padding                   0x0800339c   Section        0  printf8.o(i._printf_post_padding)
    _printf_post_padding                     0x0800339d   Thumb Code    36  printf8.o(i._printf_post_padding)
    i._printf_pre_padding                    0x080033c0   Section        0  printf8.o(i._printf_pre_padding)
    _printf_pre_padding                      0x080033c1   Thumb Code    46  printf8.o(i._printf_pre_padding)
    i._sputc                                 0x080033ee   Section        0  printf8.o(i._sputc)
    _sputc                                   0x080033ef   Thumb Code    10  printf8.o(i._sputc)
    i.check                                  0x080033f8   Section        0  ps2.o(i.check)
    i.demoTcpDataRecvHandle                  0x0800342c   Section        0  demo.o(i.demoTcpDataRecvHandle)
    demoTcpDataRecvHandle                    0x0800342d   Thumb Code    58  demo.o(i.demoTcpDataRecvHandle)
    i.demoTcpServerPoll                      0x08003494   Section        0  demo.o(i.demoTcpServerPoll)
    demoTcpServerPoll                        0x08003495   Thumb Code   266  demo.o(i.demoTcpServerPoll)
    i.demoUdpDataRecvHandle                  0x08003630   Section        0  demo.o(i.demoUdpDataRecvHandle)
    demoUdpDataRecvHandle                    0x08003631   Thumb Code    76  demo.o(i.demoUdpDataRecvHandle)
    i.demoWifiStatusPoll                     0x080036a8   Section        0  demo.o(i.demoWifiStatusPoll)
    demoWifiStatusPoll                       0x080036a9   Thumb Code    62  demo.o(i.demoWifiStatusPoll)
    i.fputc                                  0x08003714   Section        0  hal.o(i.fputc)
    i.fvcp                                   0x08003726   Section        0  m8266wifidrv.o(i.fvcp)
    i.fvdnstap                               0x08003774   Section        0  m8266wifidrv.o(i.fvdnstap)
    i.halClkInit                             0x080037a4   Section        0  hal.o(i.halClkInit)
    halClkInit                               0x080037a5   Thumb Code    84  hal.o(i.halClkInit)
    i.halExtiInit                            0x080037f8   Section        0  ps2.o(i.halExtiInit)
    halExtiInit                              0x080037f9   Thumb Code    86  ps2.o(i.halExtiInit)
    i.ioToPin                                0x0800384e   Section        0  halgpio.o(i.ioToPin)
    ioToPin                                  0x0800384f   Thumb Code    14  halgpio.o(i.ioToPin)
    i.ioToPort                               0x0800385c   Section        0  halgpio.o(i.ioToPort)
    ioToPort                                 0x0800385d   Thumb Code    46  halgpio.o(i.ioToPort)
    i.keyValueHandle                         0x080038a8   Section        0  ps2.o(i.keyValueHandle)
    keyValueHandle                           0x080038a9   Thumb Code   170  ps2.o(i.keyValueHandle)
    i.logPrintInit                           0x08003968   Section        0  hal.o(i.logPrintInit)
    logPrintInit                             0x08003969   Thumb Code    38  hal.o(i.logPrintInit)
    i.main                                   0x0800398e   Section        0  main.o(i.main)
    i.msocketDataRecv                        0x0800399c   Section        0  msocket.o(i.msocketDataRecv)
    msocketDataRecv                          0x0800399d   Thumb Code   146  msocket.o(i.msocketDataRecv)
    i.ps2BitRecv                             0x08003a44   Section        0  ps2.o(i.ps2BitRecv)
    ps2BitRecv                               0x08003a45   Thumb Code   196  ps2.o(i.ps2BitRecv)
    i.ps2CtrlKey2UsbBitnum                   0x08003b18   Section        0  ps2.o(i.ps2CtrlKey2UsbBitnum)
    ps2CtrlKey2UsbBitnum                     0x08003b19   Thumb Code    32  ps2.o(i.ps2CtrlKey2UsbBitnum)
    i.ps2Key2Usbkey                          0x08003b3c   Section        0  ps2.o(i.ps2Key2Usbkey)
    ps2Key2Usbkey                            0x08003b3d   Thumb Code    38  ps2.o(i.ps2Key2Usbkey)
    i.ps2RecvModeSet                         0x08003b68   Section        0  ps2.o(i.ps2RecvModeSet)
    ps2RecvModeSet                           0x08003b69   Thumb Code    12  ps2.o(i.ps2RecvModeSet)
    i.updateUsbKey                           0x08003b74   Section        0  ps2.o(i.updateUsbKey)
    updateUsbKey                             0x08003b75   Thumb Code    74  ps2.o(i.updateUsbKey)
    i.usbKeyHandle                           0x08003bc4   Section        0  ps2.o(i.usbKeyHandle)
    usbKeyHandle                             0x08003bc5   Thumb Code   148  ps2.o(i.usbKeyHandle)
    .constdata                               0x08003c68   Section       17  system.o(.constdata)
    __FUNCTION__                             0x08003c68   Data          17  system.o(.constdata)
    .constdata                               0x08003c7a   Section      388  ps2.o(.constdata)
    .constdata                               0x08003dfe   Section       62  demo.o(.constdata)
    __FUNCTION__                             0x08003dfe   Data          22  demo.o(.constdata)
    __FUNCTION__                             0x08003e14   Data          22  demo.o(.constdata)
    __FUNCTION__                             0x08003e2a   Data          18  demo.o(.constdata)
    .constdata                               0x08003e3c   Section       34  m8266wifidrv.o(.constdata)
    wr_status_test_data                      0x08003e3c   Data           6  m8266wifidrv.o(.constdata)
    .data                                    0x20000000   Section        4  hal.o(.data)
    g_timerCount                             0x20000000   Data           4  hal.o(.data)
    .data                                    0x20000004   Section       16  stm32f4xx_rcc.o(.data)
    APBAHBPrescTable                         0x20000004   Data          16  stm32f4xx_rcc.o(.data)
    .data                                    0x20000014   Section       18  ps2.o(.data)
    g_usbKey                                 0x20000014   Data           8  ps2.o(.data)
    bitcount                                 0x2000001c   Data           1  ps2.o(.data)
    recvByte                                 0x2000001d   Data           1  ps2.o(.data)
    lastTime                                 0x20000020   Data           4  ps2.o(.data)
    gotE0                                    0x20000024   Data           1  ps2.o(.data)
    gotF0                                    0x20000025   Data           1  ps2.o(.data)
    .data                                    0x20000028   Section       20  demo.o(.data)
    g_wifiConnected                          0x20000028   Data           1  demo.o(.data)
    g_tcpServerCreate                        0x20000029   Data           1  demo.o(.data)
    g_udpServerCreate                        0x2000002a   Data           1  demo.o(.data)
    g_tcpSocket                              0x2000002c   Data           4  demo.o(.data)
    g_udpSocket                              0x20000030   Data           4  demo.o(.data)
    lastTcpCreateTime                        0x20000034   Data           4  demo.o(.data)
    lastQueryTime                            0x20000038   Data           4  demo.o(.data)
    .data                                    0x2000003c   Section       41  m8266wifidrv.o(.data)
    spi_write_need_additional_delay          0x2000003c   Data           1  m8266wifidrv.o(.data)
    module_is_fast_Module                    0x2000003d   Data           1  m8266wifidrv.o(.data)
    slow_speed_spi_on_fast_Module            0x2000003e   Data           1  m8266wifidrv.o(.data)
    SPI_DATA_TRANSFER_USE_DMA                0x2000003f   Data           1  m8266wifidrv.o(.data)
    M8266WIFI_INTERFACE_SPI                  0x20000040   Data           4  m8266wifidrv.o(.data)
    M8266WIFI_INTERFACE_SPI_TX_DMA_STREAM    0x20000044   Data           4  m8266wifidrv.o(.data)
    M8266WIFI_INTERFACE_SPI_TX_DMA           0x20000048   Data           4  m8266wifidrv.o(.data)
    M8266WIFI_INTERFACE_SPI_RX_DMA_STREAM    0x2000004c   Data           4  m8266wifidrv.o(.data)
    M8266WIFI_INTERFACE_SPI_RX_DMA           0x20000050   Data           4  m8266wifidrv.o(.data)
    module_fw_ver                            0x20000054   Data          17  m8266wifidrv.o(.data)
    .data                                    0x20000068   Section        4  stdout.o(.data)
    .bss                                     0x2000006c   Section       64  haluart.o(.bss)
    g_uartConfig                             0x2000006c   Data          64  haluart.o(.bss)
    .bss                                     0x200000ac   Section      134  ps2.o(.bss)
    valueBuff                                0x200000ac   Data         134  ps2.o(.bss)
    .bss                                     0x20000134   Section     1040  msocket.o(.bss)
    g_socket                                 0x20000134   Data          16  msocket.o(.bss)
    g_recvBuff                               0x20000144   Data        1024  msocket.o(.bss)
    .bss                                     0x20000544   Section      366  wifi.o(.bss)
    scanInfo                                 0x20000544   Data         350  wifi.o(.bss)
    staIp                                    0x200006a2   Data          16  wifi.o(.bss)
    .bss                                     0x200006b2   Section       68  m8266wifidrv.o(.bss)
    dma_buf                                  0x200006b2   Data          68  m8266wifidrv.o(.bss)
    STACK                                    0x200006f8   Section     3072  startup_stm32f40_41xxx.o(STACK)

    Global Symbols

    Symbol Name                              Value     Ov Type        Size  Object(Section)

    BuildAttributes$$THM_ISAv4$E$P$D$K$B$S$7EM$VFPi3$EXTD16$VFPS$VFMA$PE$A:L22UL41UL21$X:L11$S22US41US21$IEEE1$IW$USESV6$~STKCKD$USESV7$~SHL$OSPACE$ROPI$EBA8$MICROLIB$REQ8$PRES8$EABIv2 0x00000000   Number         0  anon$$obj.o ABSOLUTE
    __ARM_use_no_argv                        0x00000000   Number         0  main.o ABSOLUTE
    _printf_a                                0x00000000   Number         0  stubs.o ABSOLUTE
    _printf_c                                0x00000000   Number         0  stubs.o ABSOLUTE
    _printf_charcount                        0x00000000   Number         0  stubs.o ABSOLUTE
    _printf_d                                0x00000000   Number         0  stubs.o ABSOLUTE
    _printf_e                                0x00000000   Number         0  stubs.o ABSOLUTE
    _printf_f                                0x00000000   Number         0  stubs.o ABSOLUTE
    _printf_flags                            0x00000000   Number         0  stubs.o ABSOLUTE
    _printf_fp_dec                           0x00000000   Number         0  stubs.o ABSOLUTE
    _printf_fp_hex                           0x00000000   Number         0  stubs.o ABSOLUTE
    _printf_g                                0x00000000   Number         0  stubs.o ABSOLUTE
    _printf_i                                0x00000000   Number         0  stubs.o ABSOLUTE
    _printf_int_dec                          0x00000000   Number         0  stubs.o ABSOLUTE
    _printf_l                                0x00000000   Number         0  stubs.o ABSOLUTE
    _printf_lc                               0x00000000   Number         0  stubs.o ABSOLUTE
    _printf_ll                               0x00000000   Number         0  stubs.o ABSOLUTE
    _printf_lld                              0x00000000   Number         0  stubs.o ABSOLUTE
    _printf_lli                              0x00000000   Number         0  stubs.o ABSOLUTE
    _printf_llo                              0x00000000   Number         0  stubs.o ABSOLUTE
    _printf_llu                              0x00000000   Number         0  stubs.o ABSOLUTE
    _printf_llx                              0x00000000   Number         0  stubs.o ABSOLUTE
    _printf_longlong_dec                     0x00000000   Number         0  stubs.o ABSOLUTE
    _printf_longlong_hex                     0x00000000   Number         0  stubs.o ABSOLUTE
    _printf_longlong_oct                     0x00000000   Number         0  stubs.o ABSOLUTE
    _printf_ls                               0x00000000   Number         0  stubs.o ABSOLUTE
    _printf_mbtowc                           0x00000000   Number         0  stubs.o ABSOLUTE
    _printf_n                                0x00000000   Number         0  stubs.o ABSOLUTE
    _printf_o                                0x00000000   Number         0  stubs.o ABSOLUTE
    _printf_p                                0x00000000   Number         0  stubs.o ABSOLUTE
    _printf_percent                          0x00000000   Number         0  stubs.o ABSOLUTE
    _printf_pre_padding                      0x00000000   Number         0  stubs.o ABSOLUTE
    _printf_return_value                     0x00000000   Number         0  stubs.o ABSOLUTE
    _printf_s                                0x00000000   Number         0  stubs.o ABSOLUTE
    _printf_sizespec                         0x00000000   Number         0  stubs.o ABSOLUTE
    _printf_str                              0x00000000   Number         0  stubs.o ABSOLUTE
    _printf_truncate_signed                  0x00000000   Number         0  stubs.o ABSOLUTE
    _printf_truncate_unsigned                0x00000000   Number         0  stubs.o ABSOLUTE
    _printf_u                                0x00000000   Number         0  stubs.o ABSOLUTE
    _printf_wc                               0x00000000   Number         0  stubs.o ABSOLUTE
    _printf_wctomb                           0x00000000   Number         0  stubs.o ABSOLUTE
    _printf_widthprec                        0x00000000   Number         0  stubs.o ABSOLUTE
    _printf_x                                0x00000000   Number         0  stubs.o ABSOLUTE
    __cpp_initialize__aeabi_                  - Undefined Weak Reference
    __cxa_finalize                            - Undefined Weak Reference
    __decompress                              - Undefined Weak Reference
    _clock_init                               - Undefined Weak Reference
    _microlib_exit                            - Undefined Weak Reference
    __Vectors_Size                           0x00000188   Number         0  startup_stm32f40_41xxx.o ABSOLUTE
    __Vectors                                0x08000000   Data           4  startup_stm32f40_41xxx.o(RESET)
    __Vectors_End                            0x08000188   Data           0  startup_stm32f40_41xxx.o(RESET)
    __main                                   0x08000189   Thumb Code     0  entry.o(.ARM.Collect$$$$00000000)
    _main_stk                                0x08000189   Thumb Code     0  entry2.o(.ARM.Collect$$$$00000001)
    _main_scatterload                        0x0800018d   Thumb Code     0  entry5.o(.ARM.Collect$$$$00000004)
    __main_after_scatterload                 0x08000191   Thumb Code     0  entry5.o(.ARM.Collect$$$$00000004)
    _main_clock                              0x08000191   Thumb Code     0  entry7b.o(.ARM.Collect$$$$00000008)
    _main_cpp_init                           0x08000191   Thumb Code     0  entry8b.o(.ARM.Collect$$$$0000000A)
    _main_init                               0x08000191   Thumb Code     0  entry9a.o(.ARM.Collect$$$$0000000B)
    __rt_final_cpp                           0x08000199   Thumb Code     0  entry10a.o(.ARM.Collect$$$$0000000D)
    __rt_final_exit                          0x08000199   Thumb Code     0  entry11a.o(.ARM.Collect$$$$0000000F)
    Reset_Handler                            0x0800019d   Thumb Code     8  startup_stm32f40_41xxx.o(.text)
    ADC_IRQHandler                           0x080001b7   Thumb Code     0  startup_stm32f40_41xxx.o(.text)
    CAN1_RX0_IRQHandler                      0x080001b7   Thumb Code     0  startup_stm32f40_41xxx.o(.text)
    CAN1_RX1_IRQHandler                      0x080001b7   Thumb Code     0  startup_stm32f40_41xxx.o(.text)
    CAN1_SCE_IRQHandler                      0x080001b7   Thumb Code     0  startup_stm32f40_41xxx.o(.text)
    CAN1_TX_IRQHandler                       0x080001b7   Thumb Code     0  startup_stm32f40_41xxx.o(.text)
    CAN2_RX0_IRQHandler                      0x080001b7   Thumb Code     0  startup_stm32f40_41xxx.o(.text)
    CAN2_RX1_IRQHandler                      0x080001b7   Thumb Code     0  startup_stm32f40_41xxx.o(.text)
    CAN2_SCE_IRQHandler                      0x080001b7   Thumb Code     0  startup_stm32f40_41xxx.o(.text)
    CAN2_TX_IRQHandler                       0x080001b7   Thumb Code     0  startup_stm32f40_41xxx.o(.text)
    CRYP_IRQHandler                          0x080001b7   Thumb Code     0  startup_stm32f40_41xxx.o(.text)
    DCMI_IRQHandler                          0x080001b7   Thumb Code     0  startup_stm32f40_41xxx.o(.text)
    DMA1_Stream0_IRQHandler                  0x080001b7   Thumb Code     0  startup_stm32f40_41xxx.o(.text)
    DMA1_Stream1_IRQHandler                  0x080001b7   Thumb Code     0  startup_stm32f40_41xxx.o(.text)
    DMA1_Stream2_IRQHandler                  0x080001b7   Thumb Code     0  startup_stm32f40_41xxx.o(.text)
    DMA1_Stream3_IRQHandler                  0x080001b7   Thumb Code     0  startup_stm32f40_41xxx.o(.text)
    DMA1_Stream4_IRQHandler                  0x080001b7   Thumb Code     0  startup_stm32f40_41xxx.o(.text)
    DMA1_Stream5_IRQHandler                  0x080001b7   Thumb Code     0  startup_stm32f40_41xxx.o(.text)
    DMA1_Stream6_IRQHandler                  0x080001b7   Thumb Code     0  startup_stm32f40_41xxx.o(.text)
    DMA1_Stream7_IRQHandler                  0x080001b7   Thumb Code     0  startup_stm32f40_41xxx.o(.text)
    DMA2_Stream0_IRQHandler                  0x080001b7   Thumb Code     0  startup_stm32f40_41xxx.o(.text)
    DMA2_Stream1_IRQHandler                  0x080001b7   Thumb Code     0  startup_stm32f40_41xxx.o(.text)
    DMA2_Stream2_IRQHandler                  0x080001b7   Thumb Code     0  startup_stm32f40_41xxx.o(.text)
    DMA2_Stream3_IRQHandler                  0x080001b7   Thumb Code     0  startup_stm32f40_41xxx.o(.text)
    DMA2_Stream4_IRQHandler                  0x080001b7   Thumb Code     0  startup_stm32f40_41xxx.o(.text)
    DMA2_Stream5_IRQHandler                  0x080001b7   Thumb Code     0  startup_stm32f40_41xxx.o(.text)
    DMA2_Stream6_IRQHandler                  0x080001b7   Thumb Code     0  startup_stm32f40_41xxx.o(.text)
    DMA2_Stream7_IRQHandler                  0x080001b7   Thumb Code     0  startup_stm32f40_41xxx.o(.text)
    ETH_IRQHandler                           0x080001b7   Thumb Code     0  startup_stm32f40_41xxx.o(.text)
    ETH_WKUP_IRQHandler                      0x080001b7   Thumb Code     0  startup_stm32f40_41xxx.o(.text)
    EXTI0_IRQHandler                         0x080001b7   Thumb Code     0  startup_stm32f40_41xxx.o(.text)
    EXTI1_IRQHandler                         0x080001b7   Thumb Code     0  startup_stm32f40_41xxx.o(.text)
    EXTI2_IRQHandler                         0x080001b7   Thumb Code     0  startup_stm32f40_41xxx.o(.text)
    EXTI3_IRQHandler                         0x080001b7   Thumb Code     0  startup_stm32f40_41xxx.o(.text)
    EXTI4_IRQHandler                         0x080001b7   Thumb Code     0  startup_stm32f40_41xxx.o(.text)
    EXTI9_5_IRQHandler                       0x080001b7   Thumb Code     0  startup_stm32f40_41xxx.o(.text)
    FLASH_IRQHandler                         0x080001b7   Thumb Code     0  startup_stm32f40_41xxx.o(.text)
    FPU_IRQHandler                           0x080001b7   Thumb Code     0  startup_stm32f40_41xxx.o(.text)
    FSMC_IRQHandler                          0x080001b7   Thumb Code     0  startup_stm32f40_41xxx.o(.text)
    HASH_RNG_IRQHandler                      0x080001b7   Thumb Code     0  startup_stm32f40_41xxx.o(.text)
    I2C1_ER_IRQHandler                       0x080001b7   Thumb Code     0  startup_stm32f40_41xxx.o(.text)
    I2C1_EV_IRQHandler                       0x080001b7   Thumb Code     0  startup_stm32f40_41xxx.o(.text)
    I2C2_ER_IRQHandler                       0x080001b7   Thumb Code     0  startup_stm32f40_41xxx.o(.text)
    I2C2_EV_IRQHandler                       0x080001b7   Thumb Code     0  startup_stm32f40_41xxx.o(.text)
    I2C3_ER_IRQHandler                       0x080001b7   Thumb Code     0  startup_stm32f40_41xxx.o(.text)
    I2C3_EV_IRQHandler                       0x080001b7   Thumb Code     0  startup_stm32f40_41xxx.o(.text)
    OTG_FS_IRQHandler                        0x080001b7   Thumb Code     0  startup_stm32f40_41xxx.o(.text)
    OTG_FS_WKUP_IRQHandler                   0x080001b7   Thumb Code     0  startup_stm32f40_41xxx.o(.text)
    OTG_HS_EP1_IN_IRQHandler                 0x080001b7   Thumb Code     0  startup_stm32f40_41xxx.o(.text)
    OTG_HS_EP1_OUT_IRQHandler                0x080001b7   Thumb Code     0  startup_stm32f40_41xxx.o(.text)
    OTG_HS_IRQHandler                        0x080001b7   Thumb Code     0  startup_stm32f40_41xxx.o(.text)
    OTG_HS_WKUP_IRQHandler                   0x080001b7   Thumb Code     0  startup_stm32f40_41xxx.o(.text)
    PVD_IRQHandler                           0x080001b7   Thumb Code     0  startup_stm32f40_41xxx.o(.text)
    RCC_IRQHandler                           0x080001b7   Thumb Code     0  startup_stm32f40_41xxx.o(.text)
    RTC_Alarm_IRQHandler                     0x080001b7   Thumb Code     0  startup_stm32f40_41xxx.o(.text)
    RTC_WKUP_IRQHandler                      0x080001b7   Thumb Code     0  startup_stm32f40_41xxx.o(.text)
    SDIO_IRQHandler                          0x080001b7   Thumb Code     0  startup_stm32f40_41xxx.o(.text)
    SPI1_IRQHandler                          0x080001b7   Thumb Code     0  startup_stm32f40_41xxx.o(.text)
    SPI2_IRQHandler                          0x080001b7   Thumb Code     0  startup_stm32f40_41xxx.o(.text)
    SPI3_IRQHandler                          0x080001b7   Thumb Code     0  startup_stm32f40_41xxx.o(.text)
    TAMP_STAMP_IRQHandler                    0x080001b7   Thumb Code     0  startup_stm32f40_41xxx.o(.text)
    TIM1_BRK_TIM9_IRQHandler                 0x080001b7   Thumb Code     0  startup_stm32f40_41xxx.o(.text)
    TIM1_CC_IRQHandler                       0x080001b7   Thumb Code     0  startup_stm32f40_41xxx.o(.text)
    TIM1_TRG_COM_TIM11_IRQHandler            0x080001b7   Thumb Code     0  startup_stm32f40_41xxx.o(.text)
    TIM2_IRQHandler                          0x080001b7   Thumb Code     0  startup_stm32f40_41xxx.o(.text)
    TIM3_IRQHandler                          0x080001b7   Thumb Code     0  startup_stm32f40_41xxx.o(.text)
    TIM4_IRQHandler                          0x080001b7   Thumb Code     0  startup_stm32f40_41xxx.o(.text)
    TIM5_IRQHandler                          0x080001b7   Thumb Code     0  startup_stm32f40_41xxx.o(.text)
    TIM6_DAC_IRQHandler                      0x080001b7   Thumb Code     0  startup_stm32f40_41xxx.o(.text)
    TIM7_IRQHandler                          0x080001b7   Thumb Code     0  startup_stm32f40_41xxx.o(.text)
    TIM8_BRK_TIM12_IRQHandler                0x080001b7   Thumb Code     0  startup_stm32f40_41xxx.o(.text)
    TIM8_CC_IRQHandler                       0x080001b7   Thumb Code     0  startup_stm32f40_41xxx.o(.text)
    TIM8_TRG_COM_TIM14_IRQHandler            0x080001b7   Thumb Code     0  startup_stm32f40_41xxx.o(.text)
    TIM8_UP_TIM13_IRQHandler                 0x080001b7   Thumb Code     0  startup_stm32f40_41xxx.o(.text)
    UART4_IRQHandler                         0x080001b7   Thumb Code     0  startup_stm32f40_41xxx.o(.text)
    UART5_IRQHandler                         0x080001b7   Thumb Code     0  startup_stm32f40_41xxx.o(.text)
    USART3_IRQHandler                        0x080001b7   Thumb Code     0  startup_stm32f40_41xxx.o(.text)
    USART6_IRQHandler                        0x080001b7   Thumb Code     0  startup_stm32f40_41xxx.o(.text)
    WWDG_IRQHandler                          0x080001b7   Thumb Code     0  startup_stm32f40_41xxx.o(.text)
    __aeabi_memset                           0x080001c1   Thumb Code    14  memseta.o(.text)
    __aeabi_memset4                          0x080001c1   Thumb Code     0  memseta.o(.text)
    __aeabi_memset8                          0x080001c1   Thumb Code     0  memseta.o(.text)
    __aeabi_memclr                           0x080001cf   Thumb Code     4  memseta.o(.text)
    __aeabi_memclr4                          0x080001cf   Thumb Code     0  memseta.o(.text)
    __aeabi_memclr8                          0x080001cf   Thumb Code     0  memseta.o(.text)
    _memset$wrapper                          0x080001d3   Thumb Code    18  memseta.o(.text)
    strlen                                   0x080001e5   Thumb Code    14  strlen.o(.text)
    __aeabi_uldivmod                         0x080001f3   Thumb Code    98  uldiv.o(.text)
    __scatterload                            0x08000255   Thumb Code    28  init.o(.text)
    __scatterload_rt2                        0x08000255   Thumb Code     0  init.o(.text)
    __aeabi_llsl                             0x08000279   Thumb Code    30  llshl.o(.text)
    _ll_shift_l                              0x08000279   Thumb Code     0  llshl.o(.text)
    __aeabi_llsr                             0x08000297   Thumb Code    32  llushr.o(.text)
    _ll_ushift_r                             0x08000297   Thumb Code     0  llushr.o(.text)
    BusFault_Handler                         0x080002b7   Thumb Code     4  stm32f4xx_it.o(i.BusFault_Handler)
    DebugMon_Handler                         0x080002bb   Thumb Code     2  stm32f4xx_it.o(i.DebugMon_Handler)
    DemoInit                                 0x080002bd   Thumb Code    12  demo.o(i.DemoInit)
    DemoPoll                                 0x080002dd   Thumb Code    12  demo.o(i.DemoPoll)
    EXTI15_10_IRQHandler                     0x080002e9   Thumb Code    28  ps2.o(i.EXTI15_10_IRQHandler)
    EXTI_ClearITPendingBit                   0x08000309   Thumb Code     6  stm32f4xx_exti.o(i.EXTI_ClearITPendingBit)
    EXTI_Init                                0x08000315   Thumb Code   142  stm32f4xx_exti.o(i.EXTI_Init)
    GPIO_Init                                0x080003a9   Thumb Code   144  stm32f4xx_gpio.o(i.GPIO_Init)
    GPIO_PinAFConfig                         0x08000439   Thumb Code    70  stm32f4xx_gpio.o(i.GPIO_PinAFConfig)
    GPIO_ReadInputDataBit                    0x0800047f   Thumb Code    18  stm32f4xx_gpio.o(i.GPIO_ReadInputDataBit)
    HalGPIOConfig                            0x08000491   Thumb Code    60  halgpio.o(i.HalGPIOConfig)
    HalGPIOInitialize                        0x080004cd   Thumb Code     2  halgpio.o(i.HalGPIOInitialize)
    HalInit                                  0x080004cf   Thumb Code    28  hal.o(i.HalInit)
    HalPoll                                  0x080004eb   Thumb Code     2  hal.o(i.HalPoll)
    HalReboot                                0x080004ed   Thumb Code    48  hal.o(i.HalReboot)
    HalTimerCount                            0x08000535   Thumb Code     6  hal.o(i.HalTimerCount)
    HalTimerInitialize                       0x08000541   Thumb Code   102  haltimer.o(i.HalTimerInitialize)
    HalTimerPast1ms                          0x080005ad   Thumb Code    12  hal.o(i.HalTimerPast1ms)
    HalUartConfig                            0x080005bd   Thumb Code   140  haluart.o(i.HalUartConfig)
    HalUartInitialize                        0x08000655   Thumb Code   242  haluart.o(i.HalUartInitialize)
    HalUartWrite                             0x0800074d   Thumb Code    60  haluart.o(i.HalUartWrite)
    HalWaitUs                                0x08000791   Thumb Code    78  halwait.o(i.HalWaitUs)
    HardFault_Handler                        0x080007e5   Thumb Code     4  stm32f4xx_it.o(i.HardFault_Handler)
    M8266HostIf_GPIO_CS_RESET_Init           0x080007e9   Thumb Code   104  m8266hostif_stm32xx.o(i.M8266HostIf_GPIO_CS_RESET_Init)
    M8266HostIf_Init                         0x08000859   Thumb Code    20  m8266hostif_stm32xx.o(i.M8266HostIf_Init)
    M8266HostIf_SPI_DMA_StartReceiveSendData 0x0800086d   Thumb Code    90  m8266wifidrv.o(i.M8266HostIf_SPI_DMA_StartReceiveSendData)
    M8266HostIf_SPI_Init                     0x080008d1   Thumb Code   178  m8266hostif_stm32xx.o(i.M8266HostIf_SPI_Init)
    M8266HostIf_SPI_Select                   0x0800098d   Thumb Code   212  m8266wifidrv.o(i.M8266HostIf_SPI_Select)
    M8266HostIf_SPI_SetSpeed                 0x08000a7d   Thumb Code    36  m8266hostif_stm32xx.o(i.M8266HostIf_SPI_SetSpeed)
    M8266HostIf_SPI_rrs                      0x08000aa5   Thumb Code    28  m8266wifidrv.o(i.M8266HostIf_SPI_rrs)
    M8266HostIf_SPI_wrs                      0x08000ac5   Thumb Code    44  m8266wifidrv.o(i.M8266HostIf_SPI_wrs)
    M8266HostIf_Set_SPI_nCS_Pin              0x08000af5   Thumb Code    18  m8266hostif_stm32xx.o(i.M8266HostIf_Set_SPI_nCS_Pin)
    M8266HostIf_Set_nRESET_Pin               0x08000b0d   Thumb Code    24  m8266hostif_stm32xx.o(i.M8266HostIf_Set_nRESET_Pin)
    M8266HostIf_delay_us                     0x08000b29   Thumb Code    12  m8266hostif_stm32xx.o(i.M8266HostIf_delay_us)
    M8266WIFI_Module_Hardware_Reset          0x08000b35   Thumb Code    56  m8266wifi_ops.o(i.M8266WIFI_Module_Hardware_Reset)
    M8266WIFI_Module_Init_Via_SPI            0x08000b6d   Thumb Code    58  m8266wifi_ops.o(i.M8266WIFI_Module_Init_Via_SPI)
    M8266WIFI_Module_delay_ms                0x08000bb5   Thumb Code    36  m8266wifi_ops.o(i.M8266WIFI_Module_delay_ms)
    M8266WIFI_SPI_Config_STA_Param           0x08000bd9   Thumb Code    22  m8266wifidrv.o(i.M8266WIFI_SPI_Config_STA_Param)
    M8266WIFI_SPI_Delete_Connection          0x08000bef   Thumb Code    18  m8266wifidrv.o(i.M8266WIFI_SPI_Delete_Connection)
    M8266WIFI_SPI_Get_Module_Info            0x08000c01   Thumb Code   170  m8266wifidrv.o(i.M8266WIFI_SPI_Get_Module_Info)
    M8266WIFI_SPI_Get_STA_Connection_Status  0x08000cab   Thumb Code   108  m8266wifidrv.o(i.M8266WIFI_SPI_Get_STA_Connection_Status)
    M8266WIFI_SPI_Get_STA_IP_Addr            0x08000d17   Thumb Code   124  m8266wifidrv.o(i.M8266WIFI_SPI_Get_STA_IP_Addr)
    M8266WIFI_SPI_Has_DataReceived           0x08000d93   Thumb Code    22  m8266wifidrv.o(i.M8266WIFI_SPI_Has_DataReceived)
    M8266WIFI_SPI_Interface_Communication_OK 0x08000da9   Thumb Code    66  m8266wifidrv.o(i.M8266WIFI_SPI_Interface_Communication_OK)
    M8266WIFI_SPI_Query_Connection           0x08000df1   Thumb Code   230  m8266wifidrv.o(i.M8266WIFI_SPI_Query_Connection)
    M8266WIFI_SPI_Recv                       0x08000ed9   Thumb Code   522  m8266wifidrv.o(i.M8266WIFI_SPI_Recv)
    M8266WIFI_SPI_RecvData_ex                0x080010f1   Thumb Code    28  m8266wifidrv.o(i.M8266WIFI_SPI_RecvData_ex)
    M8266WIFI_SPI_STA_Connect_Ap             0x0800110d   Thumb Code   436  m8266wifidrv.o(i.M8266WIFI_SPI_STA_Connect_Ap)
    M8266WIFI_SPI_STA_Connect_Ap_Old         0x080012cd   Thumb Code   386  m8266wifidrv.o(i.M8266WIFI_SPI_STA_Connect_Ap_Old)
    M8266WIFI_SPI_Send_Data                  0x0800144f   Thumb Code    18  m8266wifidrv.o(i.M8266WIFI_SPI_Send_Data)
    M8266WIFI_SPI_Send_Udp_Data              0x08001461   Thumb Code    52  m8266wifidrv.o(i.M8266WIFI_SPI_Send_Udp_Data)
    M8266WIFI_SPI_Set_Opmode                 0x0800149d   Thumb Code   142  m8266wifidrv.o(i.M8266WIFI_SPI_Set_Opmode)
    M8266WIFI_SPI_Set_TcpServer_Auto_Discon_Timeout 0x0800152b   Thumb Code   142  m8266wifidrv.o(i.M8266WIFI_SPI_Set_TcpServer_Auto_Discon_Timeout)
    M8266WIFI_SPI_Setup_Connection           0x080015b9   Thumb Code   512  m8266wifidrv.o(i.M8266WIFI_SPI_Setup_Connection)
    M8266WIFI_SPI_Slave_Has_Response         0x080017cd   Thumb Code    22  m8266wifidrv.o(i.M8266WIFI_SPI_Slave_Has_Response)
    M8266WIFI_SPI_Status_Start_To_Rxd_Has_Been_Cleared 0x080017e3   Thumb Code    22  m8266wifidrv.o(i.M8266WIFI_SPI_Status_Start_To_Rxd_Has_Been_Cleared)
    M8266WIFI_SPI_TxdBuffer_Free             0x080017f9   Thumb Code    22  m8266wifidrv.o(i.M8266WIFI_SPI_TxdBuffer_Free)
    M8266WIFI_SPI_capstp                     0x08001811   Thumb Code   224  m8266wifidrv.o(i.M8266WIFI_SPI_capstp)
    M8266WIFI_SPI_csb                        0x080018f9   Thumb Code    88  m8266wifidrv.o(i.M8266WIFI_SPI_csb)
    M8266WIFI_SPI_dlodc                      0x08001951   Thumb Code   360  m8266wifidrv.o(i.M8266WIFI_SPI_dlodc)
    M8266WIFI_SPI_qacal                      0x08001ab9   Thumb Code   238  m8266wifidrv.o(i.M8266WIFI_SPI_qacal)
    M8266WIFI_SPI_rra                        0x08001ba7   Thumb Code    32  m8266wifidrv.o(i.M8266WIFI_SPI_rra)
    M8266WIFI_SPI_rru                        0x08001bc7   Thumb Code    66  m8266wifidrv.o(i.M8266WIFI_SPI_rru)
    M8266WIFI_SPI_rrud                       0x08001c09   Thumb Code    68  m8266wifidrv.o(i.M8266WIFI_SPI_rrud)
    M8266WIFI_SPI_sbis                       0x08001c51   Thumb Code    28  m8266wifidrv.o(i.M8266WIFI_SPI_sbis)
    M8266WIFI_SPI_sdfal                      0x08001c6d   Thumb Code   558  m8266wifidrv.o(i.M8266WIFI_SPI_sdfal)
    M8266WIFI_SPI_srh                        0x08001ea9   Thumb Code   284  m8266wifidrv.o(i.M8266WIFI_SPI_srh)
    M8266WIFI_SPI_ssa                        0x08001fcd   Thumb Code    32  m8266wifidrv.o(i.M8266WIFI_SPI_ssa)
    M8266WIFI_SPI_ssb                        0x08001fed   Thumb Code   116  m8266wifidrv.o(i.M8266WIFI_SPI_ssb)
    M8266WIFI_SPI_ssmd                       0x08002061   Thumb Code   154  m8266wifidrv.o(i.M8266WIFI_SPI_ssmd)
    M8266WIFI_SPI_ssu                        0x08002101   Thumb Code    72  m8266wifidrv.o(i.M8266WIFI_SPI_ssu)
    M8266WIFI_SPI_ssud                       0x0800214d   Thumb Code    66  m8266wifidrv.o(i.M8266WIFI_SPI_ssud)
    M8266WIFI_SPI_ssut                       0x08002195   Thumb Code    72  m8266wifidrv.o(i.M8266WIFI_SPI_ssut)
    M8266WIFI_SPI_tufs                       0x080021e1   Thumb Code    22  m8266wifidrv.o(i.M8266WIFI_SPI_tufs)
    M8266WIFI_SPI_wsbsbs1                    0x080021f7   Thumb Code    58  m8266wifidrv.o(i.M8266WIFI_SPI_wsbsbs1)
    M8266WIFI_SPI_wscbf                      0x08002231   Thumb Code    66  m8266wifidrv.o(i.M8266WIFI_SPI_wscbf)
    M8266WIFI_SPI_wscr                       0x08002273   Thumb Code    76  m8266wifidrv.o(i.M8266WIFI_SPI_wscr)
    M8266WIFI_SPI_wspsr                      0x080022bf   Thumb Code    84  m8266wifidrv.o(i.M8266WIFI_SPI_wspsr)
    M8266WIFI_SPI_wspss                      0x08002313   Thumb Code    84  m8266wifidrv.o(i.M8266WIFI_SPI_wspss)
    M8266WIFI_SPI_wsscbhud                   0x08002367   Thumb Code    62  m8266wifidrv.o(i.M8266WIFI_SPI_wsscbhud)
    M8266WIFI_SPI_wsscrhd                    0x080023a5   Thumb Code    68  m8266wifidrv.o(i.M8266WIFI_SPI_wsscrhd)
    M8266WIFI_Wait_SPI_sfad                  0x080023e9   Thumb Code    64  m8266wifidrv.o(i.M8266WIFI_Wait_SPI_sfad)
    MSocketCreate                            0x08002429   Thumb Code   114  msocket.o(i.MSocketCreate)
    MSocketDataSend                          0x080024a1   Thumb Code    54  msocket.o(i.MSocketDataSend)
    MSocketInit                              0x080024d9   Thumb Code    14  msocket.o(i.MSocketInit)
    MSocketPoll                              0x080024ed   Thumb Code     8  msocket.o(i.MSocketPoll)
    MSocketRelease                           0x080024f5   Thumb Code    20  msocket.o(i.MSocketRelease)
    MSocketUdpDataSend                       0x08002509   Thumb Code    70  msocket.o(i.MSocketUdpDataSend)
    MemManage_Handler                        0x0800254f   Thumb Code     4  stm32f4xx_it.o(i.MemManage_Handler)
    NMI_Handler                              0x08002553   Thumb Code     2  stm32f4xx_it.o(i.NMI_Handler)
    NVIC_Init                                0x08002555   Thumb Code   106  misc.o(i.NVIC_Init)
    NVIC_PriorityGroupConfig                 0x080025cd   Thumb Code    10  misc.o(i.NVIC_PriorityGroupConfig)
    PS2Init                                  0x080025e1   Thumb Code    26  ps2.o(i.PS2Init)
    PS2Poll                                  0x080025fb   Thumb Code     8  ps2.o(i.PS2Poll)
    PendSV_Handler                           0x08002603   Thumb Code     2  stm32f4xx_it.o(i.PendSV_Handler)
    RCC_AHB1PeriphClockCmd                   0x08002605   Thumb Code    26  stm32f4xx_rcc.o(i.RCC_AHB1PeriphClockCmd)
    RCC_APB1PeriphClockCmd                   0x08002625   Thumb Code    26  stm32f4xx_rcc.o(i.RCC_APB1PeriphClockCmd)
    RCC_APB2PeriphClockCmd                   0x08002645   Thumb Code    26  stm32f4xx_rcc.o(i.RCC_APB2PeriphClockCmd)
    RCC_APB2PeriphResetCmd                   0x08002665   Thumb Code    26  stm32f4xx_rcc.o(i.RCC_APB2PeriphResetCmd)
    RCC_GetClocksFreq                        0x08002685   Thumb Code   214  stm32f4xx_rcc.o(i.RCC_GetClocksFreq)
    SPI_Cmd                                  0x0800276d   Thumb Code    24  stm32f4xx_spi.o(i.SPI_Cmd)
    SPI_Init                                 0x08002785   Thumb Code    60  stm32f4xx_spi.o(i.SPI_Init)
    SPI_STA_Get_HostIP_by_HostName           0x080027c1   Thumb Code   364  m8266wifidrv.o(i.SPI_STA_Get_HostIP_by_HostName)
    SVC_Handler                              0x08002945   Thumb Code     2  stm32f4xx_it.o(i.SVC_Handler)
    SYSCFG_EXTILineConfig                    0x08002949   Thumb Code    60  stm32f4xx_syscfg.o(i.SYSCFG_EXTILineConfig)
    SysTick_Handler                          0x08002a75   Thumb Code     2  stm32f4xx_it.o(i.SysTick_Handler)
    SystemInit                               0x08002a79   Thumb Code    88  system_stm32f4xx.o(i.SystemInit)
    SystemInitialize                         0x08002ae1   Thumb Code    60  system.o(i.SystemInitialize)
    SystemPoll                               0x08002b41   Thumb Code    24  system.o(i.SystemPoll)
    TIM1_UP_TIM10_IRQHandler                 0x08002b59   Thumb Code    26  haltimer.o(i.TIM1_UP_TIM10_IRQHandler)
    TIM_ClearFlag                            0x08002b79   Thumb Code     6  stm32f4xx_tim.o(i.TIM_ClearFlag)
    TIM_ClearITPendingBit                    0x08002b7f   Thumb Code     6  stm32f4xx_tim.o(i.TIM_ClearITPendingBit)
    TIM_Cmd                                  0x08002b85   Thumb Code    24  stm32f4xx_tim.o(i.TIM_Cmd)
    TIM_GetFlagStatus                        0x08002b9d   Thumb Code    18  stm32f4xx_tim.o(i.TIM_GetFlagStatus)
    TIM_ITConfig                             0x08002baf   Thumb Code    18  stm32f4xx_tim.o(i.TIM_ITConfig)
    TIM_TimeBaseInit                         0x08002bc1   Thumb Code   104  stm32f4xx_tim.o(i.TIM_TimeBaseInit)
    USART1_IRQHandler                        0x08002c45   Thumb Code    52  haluart.o(i.USART1_IRQHandler)
    USART2_IRQHandler                        0x08002c81   Thumb Code    52  haluart.o(i.USART2_IRQHandler)
    USART_ClearITPendingBit                  0x08002cbd   Thumb Code    30  stm32f4xx_usart.o(i.USART_ClearITPendingBit)
    USART_Cmd                                0x08002cdb   Thumb Code    24  stm32f4xx_usart.o(i.USART_Cmd)
    USART_GetFlagStatus                      0x08002cf3   Thumb Code    26  stm32f4xx_usart.o(i.USART_GetFlagStatus)
    USART_GetITStatus                        0x08002d0d   Thumb Code    84  stm32f4xx_usart.o(i.USART_GetITStatus)
    USART_ITConfig                           0x08002d61   Thumb Code    74  stm32f4xx_usart.o(i.USART_ITConfig)
    USART_Init                               0x08002dad   Thumb Code   204  stm32f4xx_usart.o(i.USART_Init)
    USART_ReceiveData                        0x08002e81   Thumb Code    10  stm32f4xx_usart.o(i.USART_ReceiveData)
    USART_SendData                           0x08002e8b   Thumb Code     8  stm32f4xx_usart.o(i.USART_SendData)
    USART_StructInit                         0x08002e93   Thumb Code    24  stm32f4xx_usart.o(i.USART_StructInit)
    UsageFault_Handler                       0x08002eab   Thumb Code     4  stm32f4xx_it.o(i.UsageFault_Handler)
    WifiConnectStatus                        0x08002eaf   Thumb Code    22  wifi.o(i.WifiConnectStatus)
    WifiGetIPAddress                         0x08002ec5   Thumb Code    20  wifi.o(i.WifiGetIPAddress)
    WifiInit                                 0x08002edd   Thumb Code    34  wifi.o(i.WifiInit)
    WifiJoinAp                               0x08002eff   Thumb Code    34  wifi.o(i.WifiJoinAp)
    WifiPoll                                 0x08002f21   Thumb Code     2  wifi.o(i.WifiPoll)
    __0printf$8                              0x08002f25   Thumb Code    22  printf8.o(i.__0printf$8)
    __1printf$8                              0x08002f25   Thumb Code     0  printf8.o(i.__0printf$8)
    __2printf                                0x08002f25   Thumb Code     0  printf8.o(i.__0printf$8)
    __0sprintf$8                             0x08002f45   Thumb Code    34  printf8.o(i.__0sprintf$8)
    __1sprintf$8                             0x08002f45   Thumb Code     0  printf8.o(i.__0sprintf$8)
    __2sprintf                               0x08002f45   Thumb Code     0  printf8.o(i.__0sprintf$8)
    __scatterload_copy                       0x08002f6d   Thumb Code    14  handlers.o(i.__scatterload_copy)
    __scatterload_null                       0x08002f7b   Thumb Code     2  handlers.o(i.__scatterload_null)
    __scatterload_zeroinit                   0x08002f7d   Thumb Code    14  handlers.o(i.__scatterload_zeroinit)
    check                                    0x080033f9   Thumb Code    52  ps2.o(i.check)
    fputc                                    0x08003715   Thumb Code    18  hal.o(i.fputc)
    fvcp                                     0x08003727   Thumb Code    76  m8266wifidrv.o(i.fvcp)
    fvdnstap                                 0x08003775   Thumb Code    44  m8266wifidrv.o(i.fvdnstap)
    main                                     0x0800398f   Thumb Code    12  main.o(i.main)
    g_NormalKey                              0x08003c7a   Data         372  ps2.o(.constdata)
    g_CtrlKey                                0x08003dee   Data          16  ps2.o(.constdata)
    cpu_name                                 0x08003e42   Data          16  m8266wifidrv.o(.constdata)
    Region$$Table$$Base                      0x08003e60   Number         0  anon$$obj.o(Region$$Table)
    Region$$Table$$Limit                     0x08003e80   Number         0  anon$$obj.o(Region$$Table)
    __stdout                                 0x20000068   Data           4  stdout.o(.data)
    __initial_sp                             0x200012f8   Data           0  startup_stm32f40_41xxx.o(STACK)



==============================================================================

Memory Map of the image

  Image Entry point : 0x08000189

  Load Region LR_IROM1 (Base: 0x08000000, Size: 0x00003eec, Max: 0x00100000, ABSOLUTE)

    Execution Region ER_IROM1 (Exec base: 0x08000000, Load base: 0x08000000, Size: 0x00003e80, Max: 0x00100000, ABSOLUTE)

    Exec Addr    Load Addr    Size         Type   Attr      Idx    E Section Name        Object

    0x08000000   0x08000000   0x00000188   Data   RO         2580    RESET               startup_stm32f40_41xxx.o
    0x08000188   0x08000188   0x00000000   Code   RO         2973  * .ARM.Collect$$$$00000000  mc_w.l(entry.o)
    0x08000188   0x08000188   0x00000004   Code   RO         3243    .ARM.Collect$$$$00000001  mc_w.l(entry2.o)
    0x0800018c   0x0800018c   0x00000004   Code   RO         3246    .ARM.Collect$$$$00000004  mc_w.l(entry5.o)
    0x08000190   0x08000190   0x00000000   Code   RO         3248    .ARM.Collect$$$$00000008  mc_w.l(entry7b.o)
    0x08000190   0x08000190   0x00000000   Code   RO         3250    .ARM.Collect$$$$0000000A  mc_w.l(entry8b.o)
    0x08000190   0x08000190   0x00000008   Code   RO         3251    .ARM.Collect$$$$0000000B  mc_w.l(entry9a.o)
    0x08000198   0x08000198   0x00000000   Code   RO         3253    .ARM.Collect$$$$0000000D  mc_w.l(entry10a.o)
    0x08000198   0x08000198   0x00000000   Code   RO         3255    .ARM.Collect$$$$0000000F  mc_w.l(entry11a.o)
    0x08000198   0x08000198   0x00000004   Code   RO         3244    .ARM.Collect$$$$00002712  mc_w.l(entry2.o)
    0x0800019c   0x0800019c   0x00000024   Code   RO         2581    .text               startup_stm32f40_41xxx.o
    0x080001c0   0x080001c0   0x00000024   Code   RO         2976    .text               mc_w.l(memseta.o)
    0x080001e4   0x080001e4   0x0000000e   Code   RO         2978    .text               mc_w.l(strlen.o)
    0x080001f2   0x080001f2   0x00000062   Code   RO         3260    .text               mc_w.l(uldiv.o)
    0x08000254   0x08000254   0x00000024   Code   RO         3273    .text               mc_w.l(init.o)
    0x08000278   0x08000278   0x0000001e   Code   RO         3275    .text               mc_w.l(llshl.o)
    0x08000296   0x08000296   0x00000020   Code   RO         3277    .text               mc_w.l(llushr.o)
    0x080002b6   0x080002b6   0x00000004   Code   RO          359    i.BusFault_Handler  stm32f4xx_it.o
    0x080002ba   0x080002ba   0x00000002   Code   RO          360    i.DebugMon_Handler  stm32f4xx_it.o
    0x080002bc   0x080002bc   0x00000020   Code   RO         2377    i.DemoInit          demo.o
    0x080002dc   0x080002dc   0x0000000c   Code   RO         2378    i.DemoPoll          demo.o
    0x080002e8   0x080002e8   0x00000020   Code   RO         2267    i.EXTI15_10_IRQHandler  ps2.o
    0x08000308   0x08000308   0x0000000c   Code   RO          545    i.EXTI_ClearITPendingBit  stm32f4xx_exti.o
    0x08000314   0x08000314   0x00000094   Code   RO          550    i.EXTI_Init         stm32f4xx_exti.o
    0x080003a8   0x080003a8   0x00000090   Code   RO          607    i.GPIO_Init         stm32f4xx_gpio.o
    0x08000438   0x08000438   0x00000046   Code   RO          608    i.GPIO_PinAFConfig  stm32f4xx_gpio.o
    0x0800047e   0x0800047e   0x00000012   Code   RO          611    i.GPIO_ReadInputDataBit  stm32f4xx_gpio.o
    0x08000490   0x08000490   0x0000003c   Code   RO          200    i.HalGPIOConfig     halgpio.o
    0x080004cc   0x080004cc   0x00000002   Code   RO          202    i.HalGPIOInitialize  halgpio.o
    0x080004ce   0x080004ce   0x0000001c   Code   RO            3    i.HalInit           hal.o
    0x080004ea   0x080004ea   0x00000002   Code   RO            4    i.HalPoll           hal.o
    0x080004ec   0x080004ec   0x00000048   Code   RO            5    i.HalReboot         hal.o
    0x08000534   0x08000534   0x0000000c   Code   RO            6    i.HalTimerCount     hal.o
    0x08000540   0x08000540   0x0000006c   Code   RO          266    i.HalTimerInitialize  haltimer.o
    0x080005ac   0x080005ac   0x00000010   Code   RO            7    i.HalTimerPast1ms   hal.o
    0x080005bc   0x080005bc   0x00000098   Code   RO          303    i.HalUartConfig     haluart.o
    0x08000654   0x08000654   0x000000f8   Code   RO          304    i.HalUartInitialize  haluart.o
    0x0800074c   0x0800074c   0x00000044   Code   RO          306    i.HalUartWrite      haluart.o
    0x08000790   0x08000790   0x00000054   Code   RO          468    i.HalWaitUs         halwait.o
    0x080007e4   0x080007e4   0x00000004   Code   RO          361    i.HardFault_Handler  stm32f4xx_it.o
    0x080007e8   0x080007e8   0x00000070   Code   RO         2587    i.M8266HostIf_GPIO_CS_RESET_Init  m8266hostif_stm32xx.o
    0x08000858   0x08000858   0x00000014   Code   RO         2588    i.M8266HostIf_Init  m8266hostif_stm32xx.o
    0x0800086c   0x0800086c   0x00000064   Code   RO         2722    i.M8266HostIf_SPI_DMA_StartReceiveSendData  M8266WIFIDrv_STM32F4xx.lib(m8266wifidrv.o)
    0x080008d0   0x080008d0   0x000000bc   Code   RO         2589    i.M8266HostIf_SPI_Init  m8266hostif_stm32xx.o
    0x0800098c   0x0800098c   0x000000f0   Code   RO         2723    i.M8266HostIf_SPI_Select  M8266WIFIDrv_STM32F4xx.lib(m8266wifidrv.o)
    0x08000a7c   0x08000a7c   0x00000028   Code   RO         2591    i.M8266HostIf_SPI_SetSpeed  m8266hostif_stm32xx.o
    0x08000aa4   0x08000aa4   0x00000020   Code   RO         2724    i.M8266HostIf_SPI_rrs  M8266WIFIDrv_STM32F4xx.lib(m8266wifidrv.o)
    0x08000ac4   0x08000ac4   0x00000030   Code   RO         2725    i.M8266HostIf_SPI_wrs  M8266WIFIDrv_STM32F4xx.lib(m8266wifidrv.o)
    0x08000af4   0x08000af4   0x00000018   Code   RO         2592    i.M8266HostIf_Set_SPI_nCS_Pin  m8266hostif_stm32xx.o
    0x08000b0c   0x08000b0c   0x0000001c   Code   RO         2593    i.M8266HostIf_Set_nRESET_Pin  m8266hostif_stm32xx.o
    0x08000b28   0x08000b28   0x0000000c   Code   RO         2594    i.M8266HostIf_delay_us  m8266hostif_stm32xx.o
    0x08000b34   0x08000b34   0x00000038   Code   RO         2657    i.M8266WIFI_Module_Hardware_Reset  m8266wifi_ops.o
    0x08000b6c   0x08000b6c   0x00000048   Code   RO         2658    i.M8266WIFI_Module_Init_Via_SPI  m8266wifi_ops.o
    0x08000bb4   0x08000bb4   0x00000024   Code   RO         2659    i.M8266WIFI_Module_delay_ms  m8266wifi_ops.o
    0x08000bd8   0x08000bd8   0x00000016   Code   RO         2731    i.M8266WIFI_SPI_Config_STA_Param  M8266WIFIDrv_STM32F4xx.lib(m8266wifidrv.o)
    0x08000bee   0x08000bee   0x00000012   Code   RO         2735    i.M8266WIFI_SPI_Delete_Connection  M8266WIFIDrv_STM32F4xx.lib(m8266wifidrv.o)
    0x08000c00   0x08000c00   0x000000aa   Code   RO         2742    i.M8266WIFI_SPI_Get_Module_Info  M8266WIFIDrv_STM32F4xx.lib(m8266wifidrv.o)
    0x08000caa   0x08000caa   0x0000006c   Code   RO         2744    i.M8266WIFI_SPI_Get_STA_Connection_Status  M8266WIFIDrv_STM32F4xx.lib(m8266wifidrv.o)
    0x08000d16   0x08000d16   0x0000007c   Code   RO         2746    i.M8266WIFI_SPI_Get_STA_IP_Addr  M8266WIFIDrv_STM32F4xx.lib(m8266wifidrv.o)
    0x08000d92   0x08000d92   0x00000016   Code   RO         2747    i.M8266WIFI_SPI_Has_DataReceived  M8266WIFIDrv_STM32F4xx.lib(m8266wifidrv.o)
    0x08000da8   0x08000da8   0x00000048   Code   RO         2748    i.M8266WIFI_SPI_Interface_Communication_OK  M8266WIFIDrv_STM32F4xx.lib(m8266wifidrv.o)
    0x08000df0   0x08000df0   0x000000e6   Code   RO         2761    i.M8266WIFI_SPI_Query_Connection  M8266WIFIDrv_STM32F4xx.lib(m8266wifidrv.o)
    0x08000ed6   0x08000ed6   0x00000002   PAD
    0x08000ed8   0x08000ed8   0x00000218   Code   RO         2775    i.M8266WIFI_SPI_Recv  M8266WIFIDrv_STM32F4xx.lib(m8266wifidrv.o)
    0x080010f0   0x080010f0   0x0000001c   Code   RO         2777    i.M8266WIFI_SPI_RecvData_ex  M8266WIFIDrv_STM32F4xx.lib(m8266wifidrv.o)
    0x0800110c   0x0800110c   0x000001c0   Code   RO         2780    i.M8266WIFI_SPI_STA_Connect_Ap  M8266WIFIDrv_STM32F4xx.lib(m8266wifidrv.o)
    0x080012cc   0x080012cc   0x00000182   Code   RO         2781    i.M8266WIFI_SPI_STA_Connect_Ap_Old  M8266WIFIDrv_STM32F4xx.lib(m8266wifidrv.o)
    0x0800144e   0x0800144e   0x00000012   Code   RO         2785    i.M8266WIFI_SPI_Send_Data  M8266WIFIDrv_STM32F4xx.lib(m8266wifidrv.o)
    0x08001460   0x08001460   0x0000003c   Code   RO         2788    i.M8266WIFI_SPI_Send_Udp_Data  M8266WIFIDrv_STM32F4xx.lib(m8266wifidrv.o)
    0x0800149c   0x0800149c   0x0000008e   Code   RO         2789    i.M8266WIFI_SPI_Set_Opmode  M8266WIFIDrv_STM32F4xx.lib(m8266wifidrv.o)
    0x0800152a   0x0800152a   0x0000008e   Code   RO         2792    i.M8266WIFI_SPI_Set_TcpServer_Auto_Discon_Timeout  M8266WIFIDrv_STM32F4xx.lib(m8266wifidrv.o)
    0x080015b8   0x080015b8   0x00000214   Code   RO         2796    i.M8266WIFI_SPI_Setup_Connection  M8266WIFIDrv_STM32F4xx.lib(m8266wifidrv.o)
    0x080017cc   0x080017cc   0x00000016   Code   RO         2797    i.M8266WIFI_SPI_Slave_Has_Response  M8266WIFIDrv_STM32F4xx.lib(m8266wifidrv.o)
    0x080017e2   0x080017e2   0x00000016   Code   RO         2802    i.M8266WIFI_SPI_Status_Start_To_Rxd_Has_Been_Cleared  M8266WIFIDrv_STM32F4xx.lib(m8266wifidrv.o)
    0x080017f8   0x080017f8   0x00000016   Code   RO         2803    i.M8266WIFI_SPI_TxdBuffer_Free  M8266WIFIDrv_STM32F4xx.lib(m8266wifidrv.o)
    0x0800180e   0x0800180e   0x00000002   PAD
    0x08001810   0x08001810   0x000000e8   Code   RO         2806    i.M8266WIFI_SPI_capstp  M8266WIFIDrv_STM32F4xx.lib(m8266wifidrv.o)
    0x080018f8   0x080018f8   0x00000058   Code   RO         2808    i.M8266WIFI_SPI_csb  M8266WIFIDrv_STM32F4xx.lib(m8266wifidrv.o)
    0x08001950   0x08001950   0x00000168   Code   RO         2810    i.M8266WIFI_SPI_dlodc  M8266WIFIDrv_STM32F4xx.lib(m8266wifidrv.o)
    0x08001ab8   0x08001ab8   0x000000ee   Code   RO         2812    i.M8266WIFI_SPI_qacal  M8266WIFIDrv_STM32F4xx.lib(m8266wifidrv.o)
    0x08001ba6   0x08001ba6   0x00000020   Code   RO         2815    i.M8266WIFI_SPI_rra  M8266WIFIDrv_STM32F4xx.lib(m8266wifidrv.o)
    0x08001bc6   0x08001bc6   0x00000042   Code   RO         2816    i.M8266WIFI_SPI_rru  M8266WIFIDrv_STM32F4xx.lib(m8266wifidrv.o)
    0x08001c08   0x08001c08   0x00000048   Code   RO         2817    i.M8266WIFI_SPI_rrud  M8266WIFIDrv_STM32F4xx.lib(m8266wifidrv.o)
    0x08001c50   0x08001c50   0x0000001c   Code   RO         2819    i.M8266WIFI_SPI_sbis  M8266WIFIDrv_STM32F4xx.lib(m8266wifidrv.o)
    0x08001c6c   0x08001c6c   0x0000023c   Code   RO         2820    i.M8266WIFI_SPI_sdfal  M8266WIFIDrv_STM32F4xx.lib(m8266wifidrv.o)
    0x08001ea8   0x08001ea8   0x00000124   Code   RO         2821    i.M8266WIFI_SPI_srh  M8266WIFIDrv_STM32F4xx.lib(m8266wifidrv.o)
    0x08001fcc   0x08001fcc   0x00000020   Code   RO         2822    i.M8266WIFI_SPI_ssa  M8266WIFIDrv_STM32F4xx.lib(m8266wifidrv.o)
    0x08001fec   0x08001fec   0x00000074   Code   RO         2823    i.M8266WIFI_SPI_ssb  M8266WIFIDrv_STM32F4xx.lib(m8266wifidrv.o)
    0x08002060   0x08002060   0x000000a0   Code   RO         2824    i.M8266WIFI_SPI_ssmd  M8266WIFIDrv_STM32F4xx.lib(m8266wifidrv.o)
    0x08002100   0x08002100   0x0000004c   Code   RO         2825    i.M8266WIFI_SPI_ssu  M8266WIFIDrv_STM32F4xx.lib(m8266wifidrv.o)
    0x0800214c   0x0800214c   0x00000048   Code   RO         2826    i.M8266WIFI_SPI_ssud  M8266WIFIDrv_STM32F4xx.lib(m8266wifidrv.o)
    0x08002194   0x08002194   0x0000004c   Code   RO         2827    i.M8266WIFI_SPI_ssut  M8266WIFIDrv_STM32F4xx.lib(m8266wifidrv.o)
    0x080021e0   0x080021e0   0x00000016   Code   RO         2828    i.M8266WIFI_SPI_tufs  M8266WIFIDrv_STM32F4xx.lib(m8266wifidrv.o)
    0x080021f6   0x080021f6   0x0000003a   Code   RO         2830    i.M8266WIFI_SPI_wsbsbs1  M8266WIFIDrv_STM32F4xx.lib(m8266wifidrv.o)
    0x08002230   0x08002230   0x00000042   Code   RO         2832    i.M8266WIFI_SPI_wscbf  M8266WIFIDrv_STM32F4xx.lib(m8266wifidrv.o)
    0x08002272   0x08002272   0x0000004c   Code   RO         2833    i.M8266WIFI_SPI_wscr  M8266WIFIDrv_STM32F4xx.lib(m8266wifidrv.o)
    0x080022be   0x080022be   0x00000054   Code   RO         2834    i.M8266WIFI_SPI_wspsr  M8266WIFIDrv_STM32F4xx.lib(m8266wifidrv.o)
    0x08002312   0x08002312   0x00000054   Code   RO         2835    i.M8266WIFI_SPI_wspss  M8266WIFIDrv_STM32F4xx.lib(m8266wifidrv.o)
    0x08002366   0x08002366   0x0000003e   Code   RO         2837    i.M8266WIFI_SPI_wsscbhud  M8266WIFIDrv_STM32F4xx.lib(m8266wifidrv.o)
    0x080023a4   0x080023a4   0x00000044   Code   RO         2838    i.M8266WIFI_SPI_wsscrhd  M8266WIFIDrv_STM32F4xx.lib(m8266wifidrv.o)
    0x080023e8   0x080023e8   0x00000040   Code   RO         2840    i.M8266WIFI_Wait_SPI_sfad  M8266WIFIDrv_STM32F4xx.lib(m8266wifidrv.o)
    0x08002428   0x08002428   0x00000078   Code   RO         2431    i.MSocketCreate     msocket.o
    0x080024a0   0x080024a0   0x00000036   Code   RO         2432    i.MSocketDataSend   msocket.o
    0x080024d6   0x080024d6   0x00000002   PAD
    0x080024d8   0x080024d8   0x00000014   Code   RO         2433    i.MSocketInit       msocket.o
    0x080024ec   0x080024ec   0x00000008   Code   RO         2434    i.MSocketPoll       msocket.o
    0x080024f4   0x080024f4   0x00000014   Code   RO         2435    i.MSocketRelease    msocket.o
    0x08002508   0x08002508   0x00000046   Code   RO         2436    i.MSocketUdpDataSend  msocket.o
    0x0800254e   0x0800254e   0x00000004   Code   RO          362    i.MemManage_Handler  stm32f4xx_it.o
    0x08002552   0x08002552   0x00000002   Code   RO          363    i.NMI_Handler       stm32f4xx_it.o
    0x08002554   0x08002554   0x00000078   Code   RO          500    i.NVIC_Init         misc.o
    0x080025cc   0x080025cc   0x00000014   Code   RO          501    i.NVIC_PriorityGroupConfig  misc.o
    0x080025e0   0x080025e0   0x0000001a   Code   RO         2268    i.PS2Init           ps2.o
    0x080025fa   0x080025fa   0x00000008   Code   RO         2269    i.PS2Poll           ps2.o
    0x08002602   0x08002602   0x00000002   Code   RO          364    i.PendSV_Handler    stm32f4xx_it.o
    0x08002604   0x08002604   0x00000020   Code   RO          704    i.RCC_AHB1PeriphClockCmd  stm32f4xx_rcc.o
    0x08002624   0x08002624   0x00000020   Code   RO          713    i.RCC_APB1PeriphClockCmd  stm32f4xx_rcc.o
    0x08002644   0x08002644   0x00000020   Code   RO          716    i.RCC_APB2PeriphClockCmd  stm32f4xx_rcc.o
    0x08002664   0x08002664   0x00000020   Code   RO          718    i.RCC_APB2PeriphResetCmd  stm32f4xx_rcc.o
    0x08002684   0x08002684   0x000000e8   Code   RO          725    i.RCC_GetClocksFreq  stm32f4xx_rcc.o
    0x0800276c   0x0800276c   0x00000018   Code   RO         1850    i.SPI_Cmd           stm32f4xx_spi.o
    0x08002784   0x08002784   0x0000003c   Code   RO         1863    i.SPI_Init          stm32f4xx_spi.o
    0x080027c0   0x080027c0   0x00000184   Code   RO         2841    i.SPI_STA_Get_HostIP_by_HostName  M8266WIFIDrv_STM32F4xx.lib(m8266wifidrv.o)
    0x08002944   0x08002944   0x00000002   Code   RO          365    i.SVC_Handler       stm32f4xx_it.o
    0x08002946   0x08002946   0x00000002   PAD
    0x08002948   0x08002948   0x00000040   Code   RO         1791    i.SYSCFG_EXTILineConfig  stm32f4xx_syscfg.o
    0x08002988   0x08002988   0x000000ec   Code   RO          430    i.SetSysClock       system_stm32f4xx.o
    0x08002a74   0x08002a74   0x00000002   Code   RO          366    i.SysTick_Handler   stm32f4xx_it.o
    0x08002a76   0x08002a76   0x00000002   PAD
    0x08002a78   0x08002a78   0x00000068   Code   RO          432    i.SystemInit        system_stm32f4xx.o
    0x08002ae0   0x08002ae0   0x00000060   Code   RO         2139    i.SystemInitialize  system.o
    0x08002b40   0x08002b40   0x00000018   Code   RO         2140    i.SystemPoll        system.o
    0x08002b58   0x08002b58   0x00000020   Code   RO          268    i.TIM1_UP_TIM10_IRQHandler  haltimer.o
    0x08002b78   0x08002b78   0x00000006   Code   RO         1236    i.TIM_ClearFlag     stm32f4xx_tim.o
    0x08002b7e   0x08002b7e   0x00000006   Code   RO         1237    i.TIM_ClearITPendingBit  stm32f4xx_tim.o
    0x08002b84   0x08002b84   0x00000018   Code   RO         1242    i.TIM_Cmd           stm32f4xx_tim.o
    0x08002b9c   0x08002b9c   0x00000012   Code   RO         1262    i.TIM_GetFlagStatus  stm32f4xx_tim.o
    0x08002bae   0x08002bae   0x00000012   Code   RO         1267    i.TIM_ITConfig      stm32f4xx_tim.o
    0x08002bc0   0x08002bc0   0x00000084   Code   RO         1314    i.TIM_TimeBaseInit  stm32f4xx_tim.o
    0x08002c44   0x08002c44   0x0000003c   Code   RO          307    i.USART1_IRQHandler  haluart.o
    0x08002c80   0x08002c80   0x0000003c   Code   RO          308    i.USART2_IRQHandler  haluart.o
    0x08002cbc   0x08002cbc   0x0000001e   Code   RO         1039    i.USART_ClearITPendingBit  stm32f4xx_usart.o
    0x08002cda   0x08002cda   0x00000018   Code   RO         1042    i.USART_Cmd         stm32f4xx_usart.o
    0x08002cf2   0x08002cf2   0x0000001a   Code   RO         1045    i.USART_GetFlagStatus  stm32f4xx_usart.o
    0x08002d0c   0x08002d0c   0x00000054   Code   RO         1046    i.USART_GetITStatus  stm32f4xx_usart.o
    0x08002d60   0x08002d60   0x0000004a   Code   RO         1048    i.USART_ITConfig    stm32f4xx_usart.o
    0x08002daa   0x08002daa   0x00000002   PAD
    0x08002dac   0x08002dac   0x000000d4   Code   RO         1049    i.USART_Init        stm32f4xx_usart.o
    0x08002e80   0x08002e80   0x0000000a   Code   RO         1056    i.USART_ReceiveData  stm32f4xx_usart.o
    0x08002e8a   0x08002e8a   0x00000008   Code   RO         1059    i.USART_SendData    stm32f4xx_usart.o
    0x08002e92   0x08002e92   0x00000018   Code   RO         1065    i.USART_StructInit  stm32f4xx_usart.o
    0x08002eaa   0x08002eaa   0x00000004   Code   RO          367    i.UsageFault_Handler  stm32f4xx_it.o
    0x08002eae   0x08002eae   0x00000016   Code   RO         2500    i.WifiConnectStatus  wifi.o
    0x08002ec4   0x08002ec4   0x00000018   Code   RO         2501    i.WifiGetIPAddress  wifi.o
    0x08002edc   0x08002edc   0x00000022   Code   RO         2502    i.WifiInit          wifi.o
    0x08002efe   0x08002efe   0x00000022   Code   RO         2503    i.WifiJoinAp        wifi.o
    0x08002f20   0x08002f20   0x00000002   Code   RO         2504    i.WifiPoll          wifi.o
    0x08002f22   0x08002f22   0x00000002   PAD
    0x08002f24   0x08002f24   0x00000020   Code   RO         3189    i.__0printf$8       mc_w.l(printf8.o)
    0x08002f44   0x08002f44   0x00000028   Code   RO         3191    i.__0sprintf$8      mc_w.l(printf8.o)
    0x08002f6c   0x08002f6c   0x0000000e   Code   RO         3285    i.__scatterload_copy  mc_w.l(handlers.o)
    0x08002f7a   0x08002f7a   0x00000002   Code   RO         3286    i.__scatterload_null  mc_w.l(handlers.o)
    0x08002f7c   0x08002f7c   0x0000000e   Code   RO         3287    i.__scatterload_zeroinit  mc_w.l(handlers.o)
    0x08002f8a   0x08002f8a   0x00000002   PAD
    0x08002f8c   0x08002f8c   0x00000410   Code   RO         3196    i._printf_core      mc_w.l(printf8.o)
    0x0800339c   0x0800339c   0x00000024   Code   RO         3197    i._printf_post_padding  mc_w.l(printf8.o)
    0x080033c0   0x080033c0   0x0000002e   Code   RO         3198    i._printf_pre_padding  mc_w.l(printf8.o)
    0x080033ee   0x080033ee   0x0000000a   Code   RO         3200    i._sputc            mc_w.l(printf8.o)
    0x080033f8   0x080033f8   0x00000034   Code   RO         2272    i.check             ps2.o
    0x0800342c   0x0800342c   0x00000068   Code   RO         2379    i.demoTcpDataRecvHandle  demo.o
    0x08003494   0x08003494   0x0000019c   Code   RO         2380    i.demoTcpServerPoll  demo.o
    0x08003630   0x08003630   0x00000078   Code   RO         2381    i.demoUdpDataRecvHandle  demo.o
    0x080036a8   0x080036a8   0x0000006c   Code   RO         2382    i.demoWifiStatusPoll  demo.o
    0x08003714   0x08003714   0x00000012   Code   RO            8    i.fputc             hal.o
    0x08003726   0x08003726   0x0000004c   Code   RO         2842    i.fvcp              M8266WIFIDrv_STM32F4xx.lib(m8266wifidrv.o)
    0x08003772   0x08003772   0x00000002   PAD
    0x08003774   0x08003774   0x00000030   Code   RO         2844    i.fvdnstap          M8266WIFIDrv_STM32F4xx.lib(m8266wifidrv.o)
    0x080037a4   0x080037a4   0x00000054   Code   RO            9    i.halClkInit        hal.o
    0x080037f8   0x080037f8   0x00000056   Code   RO         2273    i.halExtiInit       ps2.o
    0x0800384e   0x0800384e   0x0000000e   Code   RO          205    i.ioToPin           halgpio.o
    0x0800385c   0x0800385c   0x0000004c   Code   RO          206    i.ioToPort          halgpio.o
    0x080038a8   0x080038a8   0x000000c0   Code   RO         2274    i.keyValueHandle    ps2.o
    0x08003968   0x08003968   0x00000026   Code   RO           10    i.logPrintInit      hal.o
    0x0800398e   0x0800398e   0x0000000c   Code   RO         2243    i.main              main.o
    0x0800399a   0x0800399a   0x00000002   PAD
    0x0800399c   0x0800399c   0x000000a8   Code   RO         2437    i.msocketDataRecv   msocket.o
    0x08003a44   0x08003a44   0x000000d4   Code   RO         2275    i.ps2BitRecv        ps2.o
    0x08003b18   0x08003b18   0x00000024   Code   RO         2277    i.ps2CtrlKey2UsbBitnum  ps2.o
    0x08003b3c   0x08003b3c   0x0000002c   Code   RO         2278    i.ps2Key2Usbkey     ps2.o
    0x08003b68   0x08003b68   0x0000000c   Code   RO         2279    i.ps2RecvModeSet    ps2.o
    0x08003b74   0x08003b74   0x00000050   Code   RO         2280    i.updateUsbKey      ps2.o
    0x08003bc4   0x08003bc4   0x000000a4   Code   RO         2281    i.usbKeyHandle      ps2.o
    0x08003c68   0x08003c68   0x00000011   Data   RO         2142    .constdata          system.o
    0x08003c79   0x08003c79   0x00000001   PAD
    0x08003c7a   0x08003c7a   0x00000184   Data   RO         2283    .constdata          ps2.o
    0x08003dfe   0x08003dfe   0x0000003e   Data   RO         2383    .constdata          demo.o
    0x08003e3c   0x08003e3c   0x00000022   Data   RO         2846    .constdata          M8266WIFIDrv_STM32F4xx.lib(m8266wifidrv.o)
    0x08003e5e   0x08003e5e   0x00000002   PAD
    0x08003e60   0x08003e60   0x00000020   Data   RO         3283    Region$$Table       anon$$obj.o


    Execution Region RW_IRAM1 (Exec base: 0x20000000, Load base: 0x08003e80, Size: 0x000012f8, Max: 0x00020000, ABSOLUTE)

    Exec Addr    Load Addr    Size         Type   Attr      Idx    E Section Name        Object

    0x20000000   0x08003e80   0x00000004   Data   RW           11    .data               hal.o
    0x20000004   0x08003e84   0x00000010   Data   RW          757    .data               stm32f4xx_rcc.o
    0x20000014   0x08003e94   0x00000012   Data   RW         2284    .data               ps2.o
    0x20000026   0x08003ea6   0x00000002   PAD
    0x20000028   0x08003ea8   0x00000014   Data   RW         2384    .data               demo.o
    0x2000003c   0x08003ebc   0x00000029   Data   RW         2847    .data               M8266WIFIDrv_STM32F4xx.lib(m8266wifidrv.o)
    0x20000065   0x08003ee5   0x00000003   PAD
    0x20000068   0x08003ee8   0x00000004   Data   RW         3257    .data               mc_w.l(stdout.o)
    0x2000006c        -       0x00000040   Zero   RW          309    .bss                haluart.o
    0x200000ac        -       0x00000086   Zero   RW         2282    .bss                ps2.o
    0x20000132   0x08003eec   0x00000002   PAD
    0x20000134        -       0x00000410   Zero   RW         2438    .bss                msocket.o
    0x20000544        -       0x0000016e   Zero   RW         2509    .bss                wifi.o
    0x200006b2        -       0x00000044   Zero   RW         2845    .bss                M8266WIFIDrv_STM32F4xx.lib(m8266wifidrv.o)
    0x200006f6   0x08003eec   0x00000002   PAD
    0x200006f8        -       0x00000c00   Zero   RW         2578    STACK               startup_stm32f40_41xxx.o


==============================================================================

Image component sizes


      Code (inc. data)   RO Data    RW Data    ZI Data      Debug   Object Name

       788        302         62         20          0       4466   demo.o
       270         34          0          4          0     326345   hal.o
       152         36          0          0          0       2680   halgpio.o
       140         12          0          0          0       1100   haltimer.o
       588         42          0          0         64       3819   haluart.o
        84          6          0          0          0        620   halwait.o
       424         32          0          0          0       4160   m8266hostif_stm32xx.o
       164         14          0          0          0       1906   m8266wifi_ops.o
        12          0          0          0          0        463   main.o
       140         24          0          0          0       1635   misc.o
       460         34          0          0       1040       7812   msocket.o
       944         74        388         18        134       8579   ps2.o
        36          8        392          0       3072        824   startup_stm32f40_41xxx.o
       160         12          0          0          0       1597   stm32f4xx_exti.o
       232          0          0          0          0       2503   stm32f4xx_gpio.o
        26          0          0          0          0       4130   stm32f4xx_it.o
       360         42          0         16          0       5268   stm32f4xx_rcc.o
        84          0          0          0          0       1833   stm32f4xx_spi.o
        64          4          0          0          0        644   stm32f4xx_syscfg.o
       204         28          0          0          0       4228   stm32f4xx_tim.o
       492          8          0          0          0       6722   stm32f4xx_usart.o
       120         36         17          0          0       2256   system.o
       340         32          0          0          0       1629   system_stm32f4xx.o
       116          4          0          0        366       3558   wifi.o

    ----------------------------------------------------------------------
      6412        784        892         60       4678     398777   Object Totals
         0          0         32          0          0          0   (incl. Generated)
        12          0          1          2          2          0   (incl. Padding)

    ----------------------------------------------------------------------

      Code (inc. data)   RO Data    RW Data    ZI Data      Debug   Library Member Name

      7152        210         34         41         68       6960   m8266wifidrv.o
         0          0          0          0          0          0   entry.o
         0          0          0          0          0          0   entry10a.o
         0          0          0          0          0          0   entry11a.o
         8          4          0          0          0          0   entry2.o
         4          0          0          0          0          0   entry5.o
         0          0          0          0          0          0   entry7b.o
         0          0          0          0          0          0   entry8b.o
         8          4          0          0          0          0   entry9a.o
        30          0          0          0          0          0   handlers.o
        36          8          0          0          0         68   init.o
        30          0          0          0          0         68   llshl.o
        32          0          0          0          0         68   llushr.o
        36          0          0          0          0        108   memseta.o
      1204         60          0          0          0        504   printf8.o
         0          0          0          4          0          0   stdout.o
        14          0          0          0          0         68   strlen.o
        98          0          0          0          0         92   uldiv.o

    ----------------------------------------------------------------------
      8660        286         36         48         70       7936   Library Totals
         8          0          2          3          2          0   (incl. Padding)

    ----------------------------------------------------------------------

      Code (inc. data)   RO Data    RW Data    ZI Data      Debug   Library Name

      7152        210         34         41         68       6960   M8266WIFIDrv_STM32F4xx.lib
      1500         76          0          4          0        976   mc_w.l

    ----------------------------------------------------------------------
      8660        286         36         48         70       7936   Library Totals

    ----------------------------------------------------------------------

==============================================================================


      Code (inc. data)   RO Data    RW Data    ZI Data      Debug   

     15072       1070        928        108       4748     391701   Grand Totals
     15072       1070        928        108       4748     391701   ELF Image Totals
     15072       1070        928        108          0          0   ROM Totals

==============================================================================

    Total RO  Size (Code + RO Data)                16000 (  15.63kB)
    Total RW  Size (RW Data + ZI Data)              4856 (   4.74kB)
    Total ROM Size (Code + RO Data + RW Data)      16108 (  15.73kB)

==============================================================================

